[mwcash.ph/index.html]
[backblue.gif]
[fade.gif]
[index.html]
[assets.zyrosite.com/cdn-cgi/image/format=auto,w=192,h=192,fit=crop,f=png/mv0l3e6P0RhBvwL9/aaa-AQEVDQjBVaFBj3PJ.png]
[mwcash.ph/./_astro-1739365276104/_slug_.CibxK7YO.css]
[mwcash.ph/t]
[mwcash.ph/_/terms-and-conditions/_]
[mwcash.ph/_/responsible-gaming-policy/_]
[mwcash.ph/_/tmp-network-advertising/_]
[mwcash.ph/_https_/mwcash.ph/beginners-guide/_]
[mwcash.ph/_https_/mwcash.ph/how-to-register/_]
[mwcash.ph/_https_/mwcash.ph/how-to-login-at-mwcash/_]
[mwcash.ph/_https_/mwcash.ph/guidelines-relating-forgot-password/_]
[mwcash.ph/_https_/mwcash.ph/how-to-reset-password/_]
[mwcash.ph/_https_/mwcash.ph/agent-program/_]
[mwcash.ph/_https_/mwcash.ph/how-to-cash-in/_]
[mwcash.ph/_https_/mwcash.ph/how-to-cash-out/_]
[mwcash.ph/_https_/mwcash.ph/how-to-check-valid-turnover/_]
[mwcash.ph/_https_/mwcash.ph/21-responsible-gaming/_]
[mwcash.ph/_https_/mwcash.ph/responsible-gaming-policy/_]
[mwcash.ph/_https_/mwcash.ph/is-mw-cash-a-legitimate-online-casino/_]
[mwcash.ph/_https_/mwcash.ph/what-sets-mw-cash-apart-from-other-online-casinos/_]
[mwcash.ph/_https_/mwcash.ph/download/_]
[mwcash.ph/_/privacy-policy/_]
[mwcash.ph/_/21-responsible-gaming/_]
[assets.zyrosite.com/cdn-cgi/image/format=auto,w=202,fit=crop,q=95/mv0l3e6P0RhBvwL9/adss-Yle5Gzbr93t17k7z.png]
[mwcash.ph/mwcash.html]
[mwcash.ph/mwcbet-info.html]
[mwcash.ph/mwcbet-org.html]
[mwcash.ph/cashweb-vip.html]
[mwcash.ph/cashweb-fun.html]
[mwcash.ph/cashweb-live.html]
[mwcash.ph/mwcash-mwcbets.html]
[mwcash.ph/mwcash-mw88cash.html]
[mwcash.ph/mwcbo-login.html]
[mwcash.ph/mwcbo1-login.html]
[mwcash.ph/mwcbo2-login.html]
[mwcash.ph/ad-cash-1.html]
[mwcash.ph/ad-cash-2.html]
[mwcash.ph/blog-list.html]
[mwcash.ph/download.html]
[mwcash.ph/news.html]
[mwcash.ph/mwcash-frequently-asked-questions-faqs.html]
[mwcash.ph/the-rise-to-the-top-how-we-became-the-1-leading-online-casino-in-the-philippines.html]
[mwcash.ph/why-mwcashph-is-the-go-to-destination-for-many-players-besides-being-informative.html]
[mwcash.ph/bakit-mwcash-ang-nangungunang-online-casino-sa-pilipinas.html]
[mwcash.ph/about.html]
[mwcash.ph/bakit-mwcashph-ang-laging-pinupuntahan-ng-maraming-manlalaro.html]
[mwcash.ph/mwcash-offcial-website.html]
[mwcash.ph/mwcash-affiliate-official-website.html]
[mwcash.ph/beginners-guide.html]
[mwcash.ph/mwcash-philippines.html]
[mwcash.ph/guides.html]
[mwcash.ph/how-to-register.html]
[mwcash.ph/how-to-login-at-mwcash.html]
[mwcash.ph/how-to-reset-password.html]
[mwcash.ph/how-to-cash-in.html]
[mwcash.ph/agent-program.html]
[mwcash.ph/guidelines-relating-forgot-password.html]
[mwcash.ph/how-to-cash-out.html]
[mwcash.ph/what-sets-mw-cash-apart-from-other-online-casinos.html]
[mwcash.ph/is-mw-cash-a-legitimate-online-casino.html]
[mwcash.ph/how-to-check-valid-turnover.html]
[mwcash.ph/games.html]
[mwcash.ph/live-casino.html]
[mwcash.ph/sports.html]
[mwcash.ph/fishing-fish-games.html]
[mwcash.ph/slots.html]
[mwcash.ph/arcade.html]
[mwcash.ph/table.html]
[mwcash.ph/bingo.html]
[mwcash.ph/events.html]
[mwcash.ph/promotions.html]
[mwcash.ph/mw-family.html]
[mwcash.ph/unleash-excitement-with-bng-october-daily-missions-at-mwcash.html]
[mwcash.ph/autumn-spins-await-win-big-with-lucky-roulette.html]
[mwcash.ph/dive-into-daily-adventures-with-jdb-games.html]
[mwcash.ph/conquer-new-challenges-with-jdb-daily-quests.html]
[mwcash.ph/discover-hidden-riches-win-up-to-8000000-php-with-jbd-golden-treasure.html]
[mwcash.ph/experience-nonstop-excitement-with-jili.html]
[assets.zyrosite.com/cdn-cgi/image/format=auto,w=503,h=506,fit=crop,trim=69.28104575163398;71.89542483660131;69.28104575163398;71.89542483660131/mv0l3e6P0RhBvwL9/asd-mjE573epl8Ig8PaE.jpg]
[assets.zyrosite.com/cdn-cgi/image/format=auto,w=328,h=242,fit=crop,trim=157.17884130982367;70.52896725440806;157.17884130982367;70.52896725440806/mv0l3e6P0RhBvwL9/asd-mjE573epl8Ig8PaE.jpg]
[assets.zyrosite.com/cdn-cgi/image/format=auto,w=1920,fit=crop/mv0l3e6P0RhBvwL9/cache-YX4awPBwZwUqKb1M.jpg]
[assets.zyrosite.com/cdn-cgi/image/format=auto,w=1920,fit=crop/mv0l3e6P0RhBvwL9/cache-1-mnlqy3PyRRFD4akO.jpg]
[assets.zyrosite.com/cdn-cgi/image/format=auto,w=1920,fit=crop/mv0l3e6P0RhBvwL9/screenshot-2025-02-03-104408-m2WaNyjNK6hLzegq.jpg]
[assets.zyrosite.com/cdn-cgi/image/format=auto,w=1920,fit=crop/mv0l3e6P0RhBvwL9/screenshot-2025-02-03-103235-dWxB3qJgaEi1BXPn.jpg]
[assets.zyrosite.com/cdn-cgi/image/format=auto,w=1920,fit=crop/mv0l3e6P0RhBvwL9/screenshot-2025-02-03-103532-AMqlQ5Gg5GUMMQxO.jpg]
[assets.zyrosite.com/cdn-cgi/image/format=auto,w=1920,fit=crop/mv0l3e6P0RhBvwL9/screenshot-2025-02-03-103431-AR0M8Q9gQac8Kork.jpg]
[assets.zyrosite.com/cdn-cgi/image/format=auto,w=1920,fit=crop/mv0l3e6P0RhBvwL9/screenshot-2025-02-03-103332-d957QOlQX3fpXwNl.jpg]
[assets.zyrosite.com/cdn-cgi/image/format=auto,w=1920,fit=crop/mv0l3e6P0RhBvwL9/screenshot-2025-02-03-103009-AR0M8QqDoOHRRQ5Y.jpg]
[assets.zyrosite.com/cdn-cgi/image/format=auto,w=1224,h=176,fit=crop/mv0l3e6P0RhBvwL9/capture-mP4N2w90GgHWwzNO.jpg]
[assets.zyrosite.com/cdn-cgi/image/format=auto,w=328,h=50,fit=crop/mv0l3e6P0RhBvwL9/capture-mP4N2w90GgHWwzNO.jpg]
[assets.zyrosite.com/cdn-cgi/image/format=auto,w=322,h=210,fit=crop/mv0l3e6P0RhBvwL9/xxxtreme-lightning-roulette-m2WraPqXRlIVbzeR.jpg]
[assets.zyrosite.com/cdn-cgi/image/format=auto,w=328,h=213,fit=crop/mv0l3e6P0RhBvwL9/xxxtreme-lightning-roulette-m2WraPqXRlIVbzeR.jpg]
[assets.zyrosite.com/cdn-cgi/image/format=auto,w=322,h=210,fit=crop/mv0l3e6P0RhBvwL9/speed-blackjack-AR0VMB1g6LSXXzx4.jpg]
[assets.zyrosite.com/cdn-cgi/image/format=auto,w=328,h=200,fit=crop/mv0l3e6P0RhBvwL9/speed-blackjack-AR0VMB1g6LSXXzx4.jpg]
[assets.zyrosite.com/cdn-cgi/image/format=auto,w=360,h=210,fit=crop/mv0l3e6P0RhBvwL9/mega-ball-dOqN8rxKx1fgynpB.jpg]
[assets.zyrosite.com/cdn-cgi/image/format=auto,w=328,h=184,fit=crop/mv0l3e6P0RhBvwL9/mega-ball-dOqN8rxKx1fgynpB.jpg]
[assets.zyrosite.com/cdn-cgi/image/format=auto,w=348,h=210,fit=crop/mv0l3e6P0RhBvwL9/lightning-lotto-YNqNP9ExGkieJ93w.jpg]
[assets.zyrosite.com/cdn-cgi/image/format=auto,w=328,h=192,fit=crop/mv0l3e6P0RhBvwL9/lightning-lotto-YNqNP9ExGkieJ93w.jpg]
[assets.zyrosite.com/cdn-cgi/image/format=auto,w=348,h=210,fit=crop/mv0l3e6P0RhBvwL9/infinite-free-bet-blackjack-YKbNELpBXWF1v7X4.jpg]
[assets.zyrosite.com/cdn-cgi/image/format=auto,w=328,h=216,fit=crop/mv0l3e6P0RhBvwL9/infinite-free-bet-blackjack-YKbNELpBXWF1v7X4.jpg]
[assets.zyrosite.com/cdn-cgi/image/format=auto,w=348,h=210,fit=crop/mv0l3e6P0RhBvwL9/crazy-time-Yg25qX4K0XhKJ22e.jpg]
[assets.zyrosite.com/cdn-cgi/image/format=auto,w=328,h=189,fit=crop/mv0l3e6P0RhBvwL9/crazy-time-Yg25qX4K0XhKJ22e.jpg]
[assets.zyrosite.com/cdn-cgi/image/format=auto,w=189,h=328,fit=crop/mv0l3e6P0RhBvwL9/step1finalss-AwvPwQXk7ecyn8nK.jpg]
[assets.zyrosite.com/cdn-cgi/image/format=auto,w=129,h=253,fit=crop/mv0l3e6P0RhBvwL9/step1finalss-AwvPwQXk7ecyn8nK.jpg]
[assets.zyrosite.com/cdn-cgi/image/format=auto,w=139,h=296,fit=crop/mv0l3e6P0RhBvwL9/step2finaal-Y4LpxlD8NlFknBZ5.jpg]
[assets.zyrosite.com/cdn-cgi/image/format=auto,w=114,h=224,fit=crop/mv0l3e6P0RhBvwL9/step2finaal-Y4LpxlD8NlFknBZ5.jpg]
[assets.zyrosite.com/cdn-cgi/image/format=auto,w=194,h=264,fit=crop/mv0l3e6P0RhBvwL9/ste3-mv0l5QD4k9uMqDKa.jpg]
[assets.zyrosite.com/cdn-cgi/image/format=auto,w=152,h=231,fit=crop/mv0l3e6P0RhBvwL9/ste3-mv0l5QD4k9uMqDKa.jpg]
[assets.zyrosite.com/cdn-cgi/image/format=auto,w=503,h=320,fit=crop,trim=19.44059405940594;18.524871355060036;19.44059405940594;18.524871355060036/mv0l3e6P0RhBvwL9/download-mjE5q846jEu7ENMW.png]
[assets.zyrosite.com/cdn-cgi/image/format=auto,w=328,h=264,fit=crop,trim=12.833333333333334;34.81900452488688;12.833333333333334;34.81900452488688/mv0l3e6P0RhBvwL9/download-mjE5q846jEu7ENMW.png]
[assets.zyrosite.com/cdn-cgi/image/format=auto,w=480,h=400,fit=crop/mv0l3e6P0RhBvwL9/kings-AGBvnXkGMkSp6l6X.jpg]
[assets.zyrosite.com/cdn-cgi/image/format=auto,w=297,h=319,fit=crop/mv0l3e6P0RhBvwL9/kings-AGBvnXkGMkSp6l6X.jpg]
[assets.zyrosite.com/cdn-cgi/image/format=auto,w=260,h=134,fit=crop/mv0l3e6P0RhBvwL9/asd-mjE573epl8Ig8PaE.jpg]
[assets.zyrosite.com/cdn-cgi/image/format=auto,w=120,h=64,fit=crop/mv0l3e6P0RhBvwL9/asd-mjE573epl8Ig8PaE.jpg]
[mwcash.ph/21-responsible-gaming.html]
[mwcash.ph/terms-and-conditions.html]
[mwcash.ph/privacy-policy.html]
[mwcash.ph/responsible-gaming-policy.html]
[mwcash.ph/index.html]
[mwcash.ph/./_astro-1739365276104/_slug_.CibxK7YO.css]
[mwcash.ph/t.html]
[mwcash.ph/_/terms-and-conditions/_.html]
[mwcash.ph/_/responsible-gaming-policy/_.html]
[mwcash.ph/tmp-network-advertising.html]
[mwcash.ph/_]
[mwcash.ph/_/index.html]
[mwcash.ph/_/tmp-network-advertising/_.html]
[mwcash.ph/_https_/mwcash.ph/beginners-guide/_.html]
[mwcash.ph/_https_/mwcash.ph/how-to-register/_.html]
[mwcash.ph/_https_/mwcash.ph/how-to-login-at-mwcash/_.html]
[mwcash.ph/_https_/mwcash.ph/guidelines-relating-forgot-password/_.html]
[mwcash.ph/_https_/mwcash.ph/how-to-reset-password/_.html]
[mwcash.ph/_https_/mwcash.ph/agent-program/_.html]
[mwcash.ph/_https_/mwcash.ph/how-to-cash-in/_.html]
[mwcash.ph/_https_/mwcash.ph/how-to-cash-out/_.html]
[mwcash.ph/_https_/mwcash.ph/how-to-check-valid-turnover/_.html]
[mwcash.ph/_https_/mwcash.ph/21-responsible-gaming/_.html]
[mwcash.ph/_https_/mwcash.ph/responsible-gaming-policy/_.html]
[mwcash.ph/_https_/mwcash.ph/is-mw-cash-a-legitimate-online-casino/_.html]
[mwcash.ph/_https_/mwcash.ph/what-sets-mw-cash-apart-from-other-online-casinos/_.html]
[mwcash.ph/_https_/mwcash.ph/download/_.html]
[mwcash.ph/_/privacy-policy/_.html]
[mwcash.ph/_/21-responsible-gaming/_.html]
[mwcash.ph/_/_]
[mwcash.ph/_https_/mwcash.ph/__MWCASH_/a__/strong_,]
[mwcash.ph/_https_/mwcash.ph/__MWCASH_/a__/strong_]
[mwcash.ph/_/mw-cash-also-known-as-mw-play/_]
[mwcash.ph/mw-cash-also-known-as-mw-play.html]
[mwcash.ph/_https_/mwcash.ph/__MWCASH_/a__/span__/h3__],_desktop__[0,{_top__[0,0],_left__[0,0],_width__[0,1224],_height__[0,60]}],_settings__[0,{_styles__[0,{_text__[0,_center_],_align__[0,_flex-start_],_ju]
[mwcash.ph/important-mwcash.html]
[mwcash.ph/mwplay.html]
[mwcash.ph/mwgaming.html]
[assets.zyrosite.com/cdn-cgi/image/format=auto,w=480,h=189,fit=crop/mv0l3e6P0RhBvwL9/test-mePLa40XRQuOyk6D.png]
[assets.zyrosite.com/cdn-cgi/image/format=auto,w=207,h=68,fit=crop/mv0l3e6P0RhBvwL9/test-mePLa40XRQuOyk6D.jpg]
[mwcash.ph/mw3838.html]
[assets.zyrosite.com/cdn-cgi/image/format=auto,w=338,h=240,fit=crop/mv0l3e6P0RhBvwL9/asdlogo-m2Wr94gNn3c1z815.png]
[assets.zyrosite.com/cdn-cgi/image/format=auto,w=172,h=136,fit=crop/mv0l3e6P0RhBvwL9/asdlogo-m2Wr94gNn3c1z815.png]
[assets.zyrosite.com/cdn-cgi/image/format=auto,w=480,h=320,fit=crop/mv0l3e6P0RhBvwL9/screenshot-2024-09-24-210200-YNqyn88v8queBg6k.jpg]
[assets.zyrosite.com/cdn-cgi/image/format=auto,w=317,h=320,fit=crop/mv0l3e6P0RhBvwL9/screenshot-2024-09-24-210200-YNqyn88v8queBg6k.jpg]
[assets.zyrosite.com/cdn-cgi/image/format=auto,w=162,h=162,fit=crop/mv0l3e6P0RhBvwL9/screenshot-2024-09-24-201502-AoPv70rXklib97bQ.jpg]
[assets.zyrosite.com/cdn-cgi/image/format=auto,w=162,h=162,fit=crop/mv0l3e6P0RhBvwL9/screenshot-2024-09-24-201408-YBgrJqz6B0Fy8Dob.jpg]
[assets.zyrosite.com/cdn-cgi/image/format=auto,w=162,h=162,fit=crop/mv0l3e6P0RhBvwL9/screenshot-2024-09-24-201229-mePvjer7vwurOnN8.jpg]
[assets.zyrosite.com/cdn-cgi/image/format=auto,w=162,h=162,fit=crop/mv0l3e6P0RhBvwL9/screenshot-2024-09-24-201218-Yyv3aBMrPOtwn4Oj.jpg]
[assets.zyrosite.com/cdn-cgi/image/format=auto,w=162,h=162,fit=crop/mv0l3e6P0RhBvwL9/screenshot-2024-09-24-201209-YrDlkPryDoSPlkM8.jpg]
[assets.zyrosite.com/cdn-cgi/image/format=auto,w=162,h=162,fit=crop/mv0l3e6P0RhBvwL9/screenshot-2024-09-24-201150-A1aw6y2Z9QH8l1x8.jpg]
[assets.zyrosite.com/cdn-cgi/image/format=auto,w=162,h=162,fit=crop/mv0l3e6P0RhBvwL9/screenshot-2024-09-24-201137-mk3zX7rWBaiqZa1E.jpg]
[assets.zyrosite.com/cdn-cgi/image/format=auto,w=162,h=162,fit=crop/mv0l3e6P0RhBvwL9/screenshot-2024-09-24-201128-Yg2WBGrzJwTJaJ6L.jpg]
[assets.zyrosite.com/cdn-cgi/image/format=auto,w=162,h=162,fit=crop/mv0l3e6P0RhBvwL9/screenshot-2024-09-24-201115-A85wgaBxJyt5Vz8X.jpg]
[assets.zyrosite.com/cdn-cgi/image/format=auto,w=162,h=162,fit=crop/mv0l3e6P0RhBvwL9/screenshot-2024-09-24-201107-AQEyz0Rrg1sWegzZ.jpg]
[assets.zyrosite.com/cdn-cgi/image/format=auto,w=162,h=162,fit=crop/mv0l3e6P0RhBvwL9/screenshot-2024-09-24-201033-AQEyz0RrV8HRo4Bx.jpg]
[assets.zyrosite.com/cdn-cgi/image/format=auto,w=162,h=162,fit=crop/mv0l3e6P0RhBvwL9/screenshot-2024-09-24-201017-AE0o9V6byoU2W1av.jpg]
[assets.zyrosite.com/cdn-cgi/image/format=auto,w=162,h=162,fit=crop/mv0l3e6P0RhBvwL9/screenshot-2024-09-24-201006-YZ9VLPr3N6UEEnkb.jpg]
[assets.zyrosite.com/cdn-cgi/image/format=auto,w=162,h=162,fit=crop/mv0l3e6P0RhBvwL9/screenshot-2024-09-24-200955-mv0Da38G9NTkzVX9.jpg]
[assets.zyrosite.com/cdn-cgi/image/format=auto,w=162,h=162,fit=crop/mv0l3e6P0RhBvwL9/screenshot-2024-09-24-200932-mk3zX7rW2eh16Z3z.jpg]
[assets.zyrosite.com/cdn-cgi/image/format=auto,w=162,h=162,fit=crop/mv0l3e6P0RhBvwL9/screenshot-2024-09-24-200922-d95KOeaLMpSkMw7R.jpg]
[assets.zyrosite.com/cdn-cgi/image/format=auto,w=162,h=162,fit=crop/mv0l3e6P0RhBvwL9/screenshot-2024-09-24-200910-m6LwzKeaB3hexK3p.jpg]
[assets.zyrosite.com/cdn-cgi/image/format=auto,w=162,h=162,fit=crop/mv0l3e6P0RhBvwL9/screenshot-2024-09-24-200757-mP4nGD0gJWFogxqo.jpg]
[assets.zyrosite.com/cdn-cgi/image/format=auto,w=162,h=162,fit=crop/mv0l3e6P0RhBvwL9/screenshot-2024-09-24-200725-YZ9VLPrGZNio9xJD.jpg]
[assets.zyrosite.com/cdn-cgi/image/format=auto,w=162,h=162,fit=crop/mv0l3e6P0RhBvwL9/screenshot-2024-09-24-200656-m5Kw4j3BlbT4l1Vz.jpg]
[assets.zyrosite.com/cdn-cgi/image/format=auto,w=162,h=162,fit=crop/mv0l3e6P0RhBvwL9/screenshot-2024-09-24-200646-A85wgaBxZnfM2vLz.jpg]
[assets.zyrosite.com/cdn-cgi/image/format=auto,w=162,h=162,fit=crop/mv0l3e6P0RhBvwL9/screenshot-2024-09-24-200552-d95KOea8rWS68ygR.jpg]
[assets.zyrosite.com/cdn-cgi/image/format=auto,w=162,h=162,fit=crop/mv0l3e6P0RhBvwL9/screenshot-2024-09-24-200536-m7VwNy1lpnsMBwwG.jpg]
[assets.zyrosite.com/cdn-cgi/image/format=auto,w=162,h=162,fit=crop/mv0l3e6P0RhBvwL9/screenshot-2024-09-24-200523-YrDlkPr7qXcG45J6.jpg]
[assets.zyrosite.com/cdn-cgi/image/format=auto,w=162,h=162,fit=crop/mv0l3e6P0RhBvwL9/6-mp8vOkrQWlFwp9nW.jpg]
[assets.zyrosite.com/cdn-cgi/image/format=auto,w=162,h=162,fit=crop/mv0l3e6P0RhBvwL9/5-AzGevRZoNVHqblGD.jpg]
[assets.zyrosite.com/cdn-cgi/image/format=auto,w=162,h=162,fit=crop/mv0l3e6P0RhBvwL9/screenshot-2024-09-24-204856-YZ9VLP39XQIa7Dkn.jpg]
[assets.zyrosite.com/cdn-cgi/image/format=auto,w=162,h=162,fit=crop/mv0l3e6P0RhBvwL9/screenshot-2024-09-24-204845-YbNv13jNaRTWWekQ.jpg]
[assets.zyrosite.com/cdn-cgi/image/format=auto,w=162,h=162,fit=crop/mv0l3e6P0RhBvwL9/screenshot-2024-09-24-204835-YNqyn5GqybH90Q4V.jpg]
[assets.zyrosite.com/cdn-cgi/image/format=auto,w=162,h=162,fit=crop/mv0l3e6P0RhBvwL9/screenshot-2024-09-24-204818-ALpnzVKpPVuV0KEE.jpg]
[mwcash.ph/registration.html]
[mwcash.ph/registration-video-guide.html]
[mwcash.ph/login-video-guide.html]
[mwcash.ph/deposit.html]
[mwcash.ph/how-to-login.html]
[mwcash.ph/withdrawal.html]
[mwcash.ph/deposit-video-guide.html]
[mwcash.ph/withdrawal-video-guide.html]
[mwcash.ph/agent-login-video-guide.html]
[mwcash.ph/agent-affiliate-program.html]
[mwcash.ph/how-to-reset-your-password-a-simple-guide-to-regaining-access.html]
[mwcash.ph/forgot-password-video-guide.html]
[mwcash.ph/how-to-check-valid-turnover-video-guide.html]
[mwcash.ph/demystifying-valid-turnover-a-key-to-maximizing-your-gaming-rewards.html]
[mwcash.ph/exciting-casino-games-at-mw-cash.html]
[assets.zyrosite.com/cdn-cgi/image/format=auto,w=350,h=236,fit=crop,trim=5.936507936507936;5.1923076923076925;5.936507936507936;5.1923076923076925/mv0l3e6P0RhBvwL9/download-mjE5q846jEu7ENMW.png]
[mwcash.ph/march-top-10-games.html]
[assets.zyrosite.com/cdn-cgi/image/format=auto,w=328,h=264,fit=crop,trim=4.08;23.18181818181818;4.08;23.18181818181818/mv0l3e6P0RhBvwL9/download-mjE5q846jEu7ENMW.png]
[mwcash.ph/mwcash.html]
[mwcash.ph/payment-method.html]
[mwcash.ph/_https_/mwcash.ph/__MWCASH_/a__/strong___/p__ol.b9.delayed]
[mwcash.ph/_http_/mwcash.ph/__mwcash.ph_/a_,]
[mwcash.ph/_https_/mwcash.ph/__Log]
[assets.zyrosite.com/cdn-cgi/image/format=auto,w=480,h=320,fit=crop/mv0l3e6P0RhBvwL9/android-chrome-512x512-AMqp1OgbEVCnMzeG.jpg]
[mwcash.ph/_http_/mwcash.ph/__mwcash.ph_/a_._/p__],_desktop__[0,{_top__[0,1],_left__[0,0],_width__[0,1224],_height__[0,1589]}],_settings__[0,{_styles__[0,{_text__[0,_justify_],_align__[0,_flex-start_],_just]
[assets.zyrosite.com/cdn-cgi/image/format=auto,w=328,h=216,fit=crop/mv0l3e6P0RhBvwL9/android-chrome-512x512-AMqp1OgbEVCnMzeG.jpg]
[mwcash.ph/mwcbet-info.html]
[mwcash.ph/_https_/mwcash.ph/__MWCASH_/a__/strong_b4d7]
[mwcash.ph/_https_/mwcash.ph/__MWCASH_/a__/strong___/p__p]
[mwcash.ph/mwcbet-org.html]
[mwcash.ph/_http_/mwcash.ph/__mwcash.ph_/a_._/p__],_desktop__[0,{_top__[0,1],_left__[0,0],_width__[0,1224],_height__[0,1558]}],_settings__[0,{_styles__[0,{_text__[0,_justify_],_align__[0,_flex-start_],_just]
[mwcash.ph/_https_/mwcash.ph/__MWCASH_/a_!_/strong__/p__p]
[mwcash.ph/_https_/mwcash.ph/__MWCASH_/a__/strong_]
[mwcash.ph/_https_/mwcash.ph/__MWCASH_/a__/strong_._/p__p]
[mwcash.ph/cashweb-vip.html]
[mwcash.ph/_https_/mwcash.ph/__MWCASH_/a__/strong_!]
[mwcash.ph/_https_/mwcash.ph/__MWCASH_/a__/strong_____b4d7]
[mwcash.ph/cashweb-fun.html]
[mwcash.ph/_https_/mwcash.ph/__MWCASH_/a_]
[mwcash.ph/cashweb-live.html]
[mwcash.ph/_https_/mwcash.ph/__MWCASH_/a__/strong__/p__p]
[mwcash.ph/_https_/mwcash.ph/__MWCASH_/a__/strong_ade7]
[mwcash.ph/_https_/mwcash.ph/__MWCASH_/a__/strong__/p__ol]
[mwcash.ph/_https_/mwcash.ph/__MWCASH_/a__/strong_._/p__/li__li]
[mwcash.ph/_https_/mwcash.ph/__MWCASH_/a__/strong__/p__ul]
[mwcash.ph/mwcash-mwcbets.html]
[mwcash.ph/mwcash-mw88cash.html]
[mwcash.ph/mwcbo-login.html]
[mwcash.ph/mwcbo1-login.html]
[mwcash.ph/mwcbo2-login.html]
[mwcash.ph/ad-cash-1.html]
[mwcash.ph/ad-cash-2.html]
[mwcash.ph/_https_/mwcash.ph/mwcash-experience-thrilling-events-and-win-big-this-week/_.cf.delayed]
[mwcash.ph/_https_/mwcash.ph/mwcash-slot-tournament-march-2024/_]
[mwcash.ph/_https_/mwcash.ph/february-2024-discover-the-best-casino-games-at-mwcash/_]
[mwcash.ph/_https_/mwcash.ph/march-top-10-games/_]
[mwcash.ph/_https_/mwcash.ph/exciting-upcoming-events-at-mwcash-online-casino-in-march-2024/_]
[mwcash.ph/_https_/mwcash.ph/jdb-cash-roulette-of-november/_]
[mwcash.ph/_https_/mwcash.ph/weekly-game-ranking-nov-20/_]
[mwcash.ph/_https_/mwcash.ph/jili-anniversary-november-2023/_]
[mwcash.ph/_https_/mwcash.ph/mwcash-weekly-game-ranking-nov-13/_]
[mwcash.ph/_https_/mwcash.ph/jdb-slot-tournament-november-2023/_]
[mwcash.ph/_https_/mwcash.ph/jili-bonus-party-of-november/_]
[mwcash.ph/_https_/mwcash.ph/weekly-game-ranking-nov-6/_]
[mwcash.ph/_https_/mwcash.ph/weekly-popular-game-ranking-oct-23/_]
[mwcash.ph/_https_/mwcash.ph/weekly-popular-game-ranking-oct-16/_]
[mwcash.ph/_https_/mwcash.ph/weekly-popular-game-ranking-oct-9/_]
[mwcash.ph/_https_/mwcash.ph/weekly-popular-game-ranking-oct-2/_]
[mwcash.ph/_https_/mwcash.ph/weekly-popular-game-ranking-sep-25/_]
[mwcash.ph/_https_/mwcash.ph/weekly-popular-game-ranking-sep-18/_]
[mwcash.ph/_https_/mwcash.ph/weekly-popular-game-ranking-sep-11/_]
[mwcash.ph/_https_/mwcash.ph/weekly-popular-game-ranking-sep-4/_]
[mwcash.ph/_https_/mwcash.ph/weekly-popular-game-ranking-aug-28/_]
[mwcash.ph/_https_/mwcash.ph/jili-game-ranking-aug-2023/_]
[mwcash.ph/_https_/mwcash.ph/weekly-popular-game-ranking-aug-21/_]
[mwcash.ph/_https_/mwcash.ph/weekly-popular-game-ranking-aug-14/_]
[mwcash.ph/_https_/mwcash.ph/weekly-popular-game-ranking-aug-7/_]
[mwcash.ph/_https_/mwcash.ph/weekly-popular-game-ranking-aug-1/_]
[mwcash.ph/_https_/mwcash.ph/weekly-popular-game-ranking-july-24/_]
[mwcash.ph/_https_/mwcash.ph/mwcash-new-games-july/_]
[mwcash.ph/_https_/mwcash.ph/fachai-slot-game-ranking-july-2023/_]
[mwcash.ph/_https_/mwcash.ph/weekly-popular-game-ranking-july-10/_]
[mwcash.ph/_https_/mwcash.ph/weekly-popular-game-ranking-july-3/_]
[mwcash.ph/_https_/mwcash.ph/weekly-popular-game-ranking-june-26/_]
[mwcash.ph/_https_/mwcash.ph/pgsoft-game-ranking-june-2023/_]
[mwcash.ph/_https_/mwcash.ph/weekly-popular-game-ranking-june-19/_]
[mwcash.ph/_https_/mwcash.ph/mwcash-new-games-june/_]
[mwcash.ph/_https_/mwcash.ph/weekly-popular-game-ranking-june-12/_]
[mwcash.ph/_https_/mwcash.ph/yb-game-ranking-june-2023/_]
[mwcash.ph/_https_/mwcash.ph/jili-game-ranking-june-2023/_]
[mwcash.ph/_https_/mwcash.ph/weekly-popular-game-ranking-june-5/_]
[mwcash.ph/_https_/mwcash.ph/weekly-popular-game-ranking-may-29/_]
[mwcash.ph/_https_/mwcash.ph/jili-slot-tournament-may-2023/_]
[mwcash.ph/_https_/mwcash.ph/weekly-popular-game-ranking-may-22/_]
[mwcash.ph/_https_/mwcash.ph/mwcash-pgsoft-slot-game-ranking-may-2023/_]
[mwcash.ph/_https_/mwcash.ph/weekly-popular-game-ranking-may-15/_]
[mwcash.ph/_https_/mwcash.ph/pgsoft-slot-tournament-may-2023/_]
[mwcash.ph/_https_/mwcash.ph/weekly-popular-game-ranking-may-8/_]
[mwcash.ph/_https_/mwcash.ph/jili-game-ranking-may-2023/_]
[mwcash.ph/_https_/mwcash.ph/weekly-popular-game-ranking-may-1/_]
[mwcash.ph/_https_/mwcash.ph/jili-slot-winner-april-2023/_]
[mwcash.ph/_https_/mwcash.ph/mwcash-yb-game-ranking-april-2023/_]
[mwcash.ph/_https_/mwcash.ph/weekly-popular-game-ranking-apr-24/_]
[mwcash.ph/_https_/mwcash.ph/weekly-popular-game-ranking-apr-17/_]
[mwcash.ph/_https_/mwcash.ph/mwcash-new-games-apr-16-2023/_]
[mwcash.ph/_https_/mwcash.ph/mwcash-pgsoft-slot-game-ranking-apr-2023/_]
[mwcash.ph/_https_/mwcash.ph/weekly-popular-game-ranking-apr-10/_]
[mwcash.ph/_https_/mwcash.ph/pgsoft-slot-tournament-apr-2023/_]
[mwcash.ph/_https_/mwcash.ph/weekly-popular-game-ranking-apr-3/_]
[mwcash.ph/_https_/mwcash.ph/weekly-popular-game-ranking-mar-27/_]
[mwcash.ph/_https_/mwcash.ph/mwcash-jili-slot-game-ranking-mar-2023/_]
[mwcash.ph/_https_/mwcash.ph/jili-slot-winner-march-2023/_]
[mwcash.ph/_https_/mwcash.ph/mwcash-new-game-king-maker-special/_]
[mwcash.ph/_https_/mwcash.ph/weekly-popular-game-ranking-mar-20/_]
[mwcash.ph/_https_/mwcash.ph/mwcash-new-games-added-updated-mar-18/_]
[mwcash.ph/_https_/mwcash.ph/weekly-popular-game-ranking-mar-13/_]
[mwcash.ph/_https_/mwcash.ph/mwcash-pgsoft-slot-game-ranking-mar-2023/_]
[mwcash.ph/_https_/mwcash.ph/pgsoft-slot-tournament-mar-2023/_]
[mwcash.ph/_https_/mwcash.ph/weekly-popular-game-ranking-mar-6/_]
[mwcash.ph/_https_/mwcash.ph/mwcash-popular-game-ranking-in-feb-2023/_]
[mwcash.ph/_https_/mwcash.ph/weekly-popular-game-ranking-feb-27/_]
[mwcash.ph/_https_/mwcash.ph/yb-game-ranking-feb-2023/_]
[mwcash.ph/_https_/mwcash.ph/weekly-popular-game-ranking-feb-20/_]
[mwcash.ph/_https_/mwcash.ph/mwcash-new-games-added-updated-feb-18/_]
[mwcash.ph/_https_/mwcash.ph/mwcash-pgsoft-slot-game-ranking-feb-2023/_]
[mwcash.ph/_https_/mwcash.ph/mwcash-jili-slot-game-ranking-feb-2023/_]
[mwcash.ph/_https_/mwcash.ph/mwcash-fachai-slot-game-ranking-feb-2023/_]
[mwcash.ph/_https_/mwcash.ph/weekly-popular-game-ranking-updated-feb-13/_]
[mwcash.ph/_https_/mwcash.ph/jili-slot-winner-february-2023/_]
[mwcash.ph/_https_/mwcash.ph/fachai-slot-tournament-feb-2023/_]
[mwcash.ph/_https_/mwcash.ph/mwcash-sports-pba-game-today-on-feb-12/_]
[mwcash.ph/_https_/mwcash.ph/mwcash-sports-pba-game-today-on-feb-11/_]
[mwcash.ph/_https_/mwcash.ph/mwcash-sports-pba-game-today-on-feb-10/_]
[mwcash.ph/_https_/mwcash.ph/mwcash-sports-pba-game-today-on-feb-9/_]
[mwcash.ph/_https_/mwcash.ph/mwcash-sports-pba-game-today-on-feb-8/_]
[mwcash.ph/_https_/mwcash.ph/weekly-popular-game-ranking-updated-feb-6/_]
[mwcash.ph/_https_/mwcash.ph/mwcash-sports-pba-game-today-on-feb-5/_]
[mwcash.ph/_https_/mwcash.ph/mwcash-sports-pba-game-today-on-feb-4/_]
[mwcash.ph/_https_/mwcash.ph/mwcash-sports-pba-game-today-on-feb-3/_]
[mwcash.ph/_https_/mwcash.ph/mwcash-sports-pba-game-today-on-feb-1/_]
[mwcash.ph/_https_/mwcash.ph/mwcash-popular-game-ranking-in-jan-2023/_]
[mwcash.ph/_https_/mwcash.ph/mwcash-weekly-game-ranking-updated-jan-30/_]
[mwcash.ph/_https_/mwcash.ph/mwcash-sports-pba-live-today-on-jan-29/_]
[mwcash.ph/_https_/mwcash.ph/mwcash-pgsoft-slot-game-ranking-jan-2023/_]
[mwcash.ph/_https_/mwcash.ph/mwcash-sports-pba-live-today-on-jan-28/_]
[mwcash.ph/_https_/mwcash.ph/pgsoft-slot-tournament-jan-2023/_]
[mwcash.ph/_https_/mwcash.ph/mwcash-sports-pba-2023-todays-game-on-jan-27/_]
[mwcash.ph/_https_/mwcash.ph/mwcash-sports-pba-2023-todays-game-on-jan-26/_]
[mwcash.ph/_https_/mwcash.ph/mwcash-sports-pba-2023-is-live-on-jan-25/_]
[mwcash.ph/_https_/mwcash.ph/mwcash-weekly-game-ranking-updated-jan-23/_]
[mwcash.ph/_https_/mwcash.ph/mwcash-sports-pba-2023-is-live-on-jan-22/_]
[mwcash.ph/_https_/mwcash.ph/mwcash-new-games-added-updated-jan-21-2023/_]
[mwcash.ph/_https_/mwcash.ph/mwcash-new-game-nolimit-city-special/_]
[mwcash.ph/_https_/mwcash.ph/mwcash-jdb-slot-game-ranking-jan-2023/_]
[mwcash.ph/_https_/mwcash.ph/mwcash-popular-game-ranking-in-december-2022/_]
[mwcash.ph/_https_/mwcash.ph/mwcash-popular-game-ranking-in-october2022/_]
[mwcash.ph/_https_/mwcash.ph/mwcash-sportsbet-pba-commissioner-cup-is-live-on-oct-30/_]
[mwcash.ph/_https_/mwcash.ph/mwcash-regular-maintenance-information-on-oct-28/_]
[mwcash.ph/_https_/mwcash.ph/mwcash-sportsbet-featured-games-pba-commissioner-cup-highlights/_]
[mwcash.ph/_https_/mwcash.ph/rich88-mwcash-maintenance-notification-october-27-2022/_]
[mwcash.ph/_https_/mwcash.ph/pba-commissioner-cup-is-live-on-oct-26/_]
[mwcash.ph/_https_/mwcash.ph/mwcash-maintenance-notification-for-jili-games/_]
[mwcash.ph/_https_/mwcash.ph/pba-commissioner-cup-live-games/_]
[mwcash.ph/_https_/mwcash.ph/pba-commissioner-cup-live-today/_]
[mwcash.ph/_https_/mwcash.ph/mwcash-maintenance-notification-for-rich88-games/_]
[mwcash.ph/_https_/mwcash.ph/mwcash-tournament-event-featuring-jili-games-join-now/_]
[mwcash.ph/_https_/mwcash.ph/mwcash-maintenance-notification-october-19-2022/_]
[mwcash.ph/_https_/mwcash.ph/rich88-mwcash-maintenance-notification-october-19-2022/_]
[mwcash.ph/_https_/mwcash.ph/mwcash-maintenance-notification-for-dream-gaming-october-19-2022/_]
[mwcash.ph/_https_/mwcash.ph/maintenance-notification-for-aeslot-october-18-2022/_]
[mwcash.ph/_https_/mwcash.ph/mwcash-maintenance-information-on-oct-16/_]
[mwcash.ph/_https_/mwcash.ph/pba-commissioner-cup-is-live-on-oct-15/_]
[mwcash.ph/_https_/mwcash.ph/mwcash-maintenance-information-on-oct-12/_]
[mwcash.ph/_https_/mwcash.ph/mwcash-maintenance-notification-for-rich88-october-12-2022/_]
[mwcash.ph/_https_/mwcash.ph/mwcash-system-maintenance-notification-october-11-2022/_]
[mwcash.ph/_https_/mwcash.ph/pba-commissioner-cup-is-live-on-oct-9/_]
[mwcash.ph/_https_/mwcash.ph/pba-commissioner-cup-live-on-october-7-bet-on-todays-games-at-mwcash/_]
[mwcash.ph/_https_/mwcash.ph/mwcash-maintenance-notification-for-dream-gaming-october-7-2022/_]
[mwcash.ph/_https_/mwcash.ph/mwcash-maintenance-information-on-oct-11/_]
[mwcash.ph/_https_/mwcash.ph/mwcash-maintenance-information-on-oct-4/_]
[mwcash.ph/_https_/mwcash.ph/mwcash-featured-game-of-the-week-lucky-color-game/_]
[mwcash.ph/_https_/mwcash.ph/mwcash-popular-game-ranking-in-september-2022/_]
[mwcash.ph/_https_/mwcash.ph/mwslot-mwcash-maintenance-information-on-sep-29/_]
[mwcash.ph/_https_/mwcash.ph/rich88-mwcash-maintenance-notification-september-28-2022/_]
[mwcash.ph/_https_/mwcash.ph/aeslot-mwcash-maintenance-information-on-sep-27/_]
[mwcash.ph/_https_/mwcash.ph/jili-mwcash-maintenance-information-on-sep-26/_]
[mwcash.ph/_https_/mwcash.ph/aeslot-temporary-maintenance-notice/_]
[mwcash.ph/_https_/mwcash.ph/evolution-maintenance-on-sep-27/_]
[mwcash.ph/_https_/mwcash.ph/evolution-maintenance-on-sep-22/_]
[mwcash.ph/_https_/mwcash.ph/aeslot-regular-maintenance-on-sep-20/_]
[mwcash.ph/_https_/mwcash.ph/playstar-summer-party-1500000php/_]
[mwcash.ph/_https_/mwcash.ph/evolution-maintenance-on-sep-21/_]
[mwcash.ph/_https_/mwcash.ph/mwslot-maintenance-on-sep-15/_]
[mwcash.ph/_https_/mwcash.ph/mpsports-regular-maintenance-notification/_]
[mwcash.ph/_https_/mwcash.ph/aeslot-regular-maintenance-on-sep-13/_]
[mwcash.ph/_https_/mwcash.ph/pocket-regular-maintenance-on-sep-13/_]
[mwcash.ph/_https_/mwcash.ph/jdb-summer-riches-never-end-5000000-php-prize-pool/_]
[mwcash.ph/_https_/mwcash.ph/mpsports-regular-maintenance-on-sep-9/_]
[mwcash.ph/_https_/mwcash.ph/ae-sexy-regular-maintenance-notification/_]
[mwcash.ph/_https_/mwcash.ph/rich88-regular-maintenance-on-sep-7/_]
[mwcash.ph/_https_/mwcash.ph/aeslot-regular-maintenance-on-sep-6/_]
[mwcash.ph/_https_/mwcash.ph/pg-treasure-party-6000000php/_]
[mwcash.ph/_https_/mwcash.ph/mps-sports-new-pba-philippine-cup-on-sep-2/_]
[mwcash.ph/_https_/mwcash.ph/system-maintenance-alert/_]
[mwcash.ph/_https_/mwcash.ph/mwslot-maintenance-on-aug-25/_]
[mwcash.ph/_https_/mwcash.ph/play8-maintenance-on-aug-25/_]
[mwcash.ph/_https_/mwcash.ph/rich88-maintenance-notification/_]
[mwcash.ph/_https_/mwcash.ph/evolution-maintenance-alert/_]
[mwcash.ph/_https_/mwcash.ph/vivo-maintenance-on-aug-25/_]
[mwcash.ph/_https_/mwcash.ph/jili-maintenance-notification/_]
[mwcash.ph/_https_/mwcash.ph/playstar-maintenance-on-aug-25/_]
[mwcash.ph/_https_/mwcash.ph/pocket-maintenance-on-aug-25/_]
[mwcash.ph/_https_/mwcash.ph/yb-maintenance-on-aug-25/_]
[mwcash.ph/_https_/mwcash.ph/jdbslot-maintenance-notification/_]
[mwcash.ph/_https_/mwcash.ph/aeslot-maintenance-on-aug-25/_]
[mwcash.ph/blog-list.html]
[mwcash.ph/_/mwcash-apk/_]
[mwcash.ph/_/mwcash-app-ios/_]
[mwcash.ph/_https_/mwcash.ph/mwcash-app-android/_]
[mwcash.ph/_https_/mwcash.ph/mw-cash-app-ios/_]
[mwcash.ph/_https_/mwcash.ph/mw-cash-download-app/_]
[assets.zyrosite.com/cdn-cgi/image/format=auto,w=332,h=320,fit=crop/mv0l3e6P0RhBvwL9/sssss-YD0vByNo2RH3Lae4.png]
[assets.zyrosite.com/cdn-cgi/image/format=auto,w=328,h=320,fit=crop/mv0l3e6P0RhBvwL9/sssss-YD0vByNo2RH3Lae4.png]
[mwcash.ph/mwcash-apk.html]
[mwcash.ph/download.html]
[mwcash.ph/mwcash-app-ios.html]
[assets.zyrosite.com/cdn-cgi/image/format=auto,w=318,h=227,fit=crop/mv0l3e6P0RhBvwL9/android-chrome-512x512-AMqp1OgbEVCnMzeG.jpg]
[mwcash.ph/news.html]
[mwcash.ph/_/is-mw-cash-a-licensed-online-casino]
[mwcash.ph/_/mwcash-frequently-asked-questions-faqs/_]
[mwcash.ph/mwcash-frequently-asked-questions-faqs.html]
[mwcash.ph/is-mw-cash-a-licensed-online-casino.html]
[mwcash.ph/_/news/_]
[mwcash.ph/_/the-rise-to-the-top-how-we-became-the-1-leading-online-casino-in-the-philippines]
[mwcash.ph/_/the-rise-to-the-top-how-we-became-the-1-leading-online-casino-in-the-philippines/_]
[mwcash.ph/the-rise-to-the-top-how-we-became-the-1-leading-online-casino-in-the-philippines.html]
[mwcash.ph/_/why-mwcashph-is-the-go-to-destination-for-many-players-besides-being-informative/_]
[mwcash.ph/_http_/MWCASH.PH/__MWCASH.PH_/a_]
[mwcash.ph/_http_/MWCASH.PH/__MWCASH.PH_/a_,]
[assets.zyrosite.com/cdn-cgi/image/format=auto,w=812,h=344,fit=crop/mv0l3e6P0RhBvwL9/adss-Yle5Gzbr93t17k7z.png]
[assets.zyrosite.com/cdn-cgi/image/format=auto,w=328,h=278,fit=crop/mv0l3e6P0RhBvwL9/adss-Yle5Gzbr93t17k7z.png]
[mwcash.ph/why-mwcashph-is-the-go-to-destination-for-many-players-besides-being-informative.html]
[mwcash.ph/_/bakit-mwcash-ang-nangungunang-online-casino-sa-pilipinas/_]
[mwcash.ph/bakit-mwcash-ang-nangungunang-online-casino-sa-pilipinas.html]
[mwcash.ph/_/ang-mwcash-ay-isa-sa-mga-pinakatanyag-at-minamahal-na-online-casino-ng-mga-vloggers/_]
[assets.zyrosite.com/cdn-cgi/image/format=auto,w=812,h=344,fit=crop/mv0l3e6P0RhBvwL9/android-chrome-512x512-AMqp1OgbEVCnMzeG.jpg]
[assets.zyrosite.com/cdn-cgi/image/format=auto,w=328,h=278,fit=crop/mv0l3e6P0RhBvwL9/android-chrome-512x512-AMqp1OgbEVCnMzeG.jpg]
[mwcash.ph/bakit-mwcashph-ang-laging-pinupuntahan-ng-maraming-manlalaro.html]
[mwcash.ph/ang-mwcash-ay-isa-sa-mga-pinakatanyag-at-minamahal-na-online-casino-ng-mga-vloggers.html]
[mwcash.ph/_https_/mwcash.ph/mwcash-com/_.18d.delayed]
[mwcash.ph/_https_/mwcash.ph/mwcash-net/_]
[mwcash.ph/_https_/mwcash.ph/mwcash-live/_]
[mwcash.ph/_https_/mwcash.ph/mwcash-register/_]
[mwcash.ph/_https_/mwcash.ph/mwcash-login/_]
[mwcash.ph/_https_/mwcash.ph/mwcash-download/_]
[mwcash.ph/_https_/mwcash.ph/mwcash-app/_]
[mwcash.ph/_https_/mwcash.ph/mwcash-gcash/_]
[mwcash.ph/_https_/mwcash.ph/mwcash-paymaya/_]
[mwcash.ph/_https_/mwcash.ph/mwcash-games/_]
[mwcash.ph/_https_/mwcash.ph/mwcash-sports/_]
[mwcash.ph/_https_/mwcash.ph/mwcash-ph/_]
[mwcash.ph/_https_/mwcash.ph/mwcash-agent/_]
[mwcash.ph/_https_/mwcash.ph/mwcash365-login/_]
[mwcash.ph/_https_/mwcash.ph/mwcash-promotions/_]
[mwcash.ph/_https_/mwcash.ph/mwcash-vip/_]
[mwcash.ph/_https_/mwcash.ph/mwcash-winnings/_]
[mwcash.ph/_https_/mwcash.ph/mwcash-odds/_]
[mwcash.ph/_https_/mwcash.ph/mwcash-play-and-earn/_]
[mwcash.ph/_https_/mwcash.ph/mwcash-signup/_]
[mwcash.ph/_https_/mwcash.ph/mwcash-nba/_]
[mwcash.ph/_https_/mwcash.ph/mwcash-guides/_]
[mwcash.ph/_https_/mwcash.ph/mwcash-slots/_]
[mwcash.ph/_https_/mwcash.ph/mwcash-fishing-games/_]
[mwcash.ph/_https_/mwcash.ph/mwcash-live-casino-games/_]
[mwcash.ph/_https_/mwcash.ph/mwcash-arcade/_]
[mwcash.ph/_https_/mwcash.ph/mwcash-table-games/_]
[mwcash.ph/_https_/mwcash.ph/mwcash-bingo/_]
[mwcash.ph/_https_/mwcash.ph/mwcash-365/_]
[mwcash.ph/_https_/mwcash.ph/mwcash-also-known-as-mwcash888/_]
[mwcash.ph/_https_/mwcash.ph/mwcash-also-known-as-mwcbet-vip/_]
[mwcash.ph/_https_/mwcash.ph/mwcash-also-known-as-mwcbet/_]
[mwcash.ph/_https_/mwcash.ph/mwcash-news/_]
[mwcash.ph/_https_/mwcash.ph/mwcash-legit/_]
[mwcash.ph/_https_/mwcash.ph/mwcash-cashout/_]
[mwcash.ph/_https_/mwcash.ph/mwcash-realmoney/_]
[mwcash.ph/_https_/mwcash.ph/agmwcash/_]
[mwcash.ph/_https_/mwcash.ph/mwcash-app-games/_]
[mwcash.ph/_https_/mwcash.ph/mwcash-app-download/_]
[mwcash.ph/_https_/mwcash.ph/mwcash-app-login/_]
[mwcash.ph/_https_/mwcash.ph/mwcash-app-ios/_]
[mwcash.ph/_https_/mwcash.ph/mwcash-app-mwcbet/_]
[mwcash.ph/_https_/mwcash.ph/mwcash-scatter/_]
[mwcash.ph/_https_/mwcash.ph/mwcash-super-ace/_]
[mwcash.ph/_https_/mwcash.ph/mwcash-sweet-bonanza/_]
[mwcash.ph/_https_/mwcash.ph/mwcash-baccarat/_]
[mwcash.ph/_https_/mwcash.ph/disclaimer-policy-mwcash/_]
[mwcash.ph/_https_/mwcash.ph/extension-mwcash-about-us/_]
[mwcash.ph/_https_/mwcash.ph/register-online-mwcash/_]
[mwcash.ph/_https_/mwcash.ph/mwcash-deposit-and-withdrawal/_]
[mwcash.ph/_https_/mwcash.ph/mwcash-secure-online-gaming-experience/_]
[mwcash.ph/_https_/mwcash.ph/mw-cash-com/_]
[mwcash.ph/_https_/mwcash.ph/mw-cash-net/_]
[mwcash.ph/_https_/mwcash.ph/mw-cash-live/_]
[mwcash.ph/_https_/mwcash.ph/mw-cash-register/_]
[mwcash.ph/_https_/mwcash.ph/mw-cash-login/_]
[mwcash.ph/_https_/mwcash.ph/mw-cash-download/_]
[mwcash.ph/_https_/mwcash.ph/mw-cash-app/_]
[mwcash.ph/_https_/mwcash.ph/mw-cash-gcash/_]
[mwcash.ph/_https_/mwcash.ph/mw-cash-paymaya/_]
[mwcash.ph/_https_/mwcash.ph/mw-cash-games/_]
[mwcash.ph/_https_/mwcash.ph/mw-cash-sports/_]
[mwcash.ph/_https_/mwcash.ph/mw-cash-philippines/_]
[mwcash.ph/_https_/mwcash.ph/mw-cash-ph/_]
[mwcash.ph/_https_/mwcash.ph/mw-cash-agent/_]
[mwcash.ph/_https_/mwcash.ph/mw-cash-365-login/_]
[mwcash.ph/_https_/mwcash.ph/mw-cash-promotions/_]
[mwcash.ph/_https_/mwcash.ph/mw-cash-vip/_]
[mwcash.ph/_https_/mwcash.ph/mw-cash-winnings/_]
[mwcash.ph/_https_/mwcash.ph/mw-cash-odds/_]
[mwcash.ph/_https_/mwcash.ph/mw-cash-play-and-earn/_]
[mwcash.ph/_https_/mwcash.ph/mw-cash-signup/_]
[mwcash.ph/_https_/mwcash.ph/mw-cash-nba/_]
[mwcash.ph/_https_/mwcash.ph/mw-cash-guides/_]
[mwcash.ph/_https_/mwcash.ph/mw-cash-slots/_]
[mwcash.ph/_https_/mwcash.ph/mw-cash-fishing-games/_]
[mwcash.ph/_https_/mwcash.ph/mw-cash-live-casino-games/_]
[mwcash.ph/_https_/mwcash.ph/mw-cash-live-arcade-games/_]
[mwcash.ph/_https_/mwcash.ph/mw-cash-table-games/_]
[mwcash.ph/_https_/mwcash.ph/mw-cash-bingo/_]
[mwcash.ph/_https_/mwcash.ph/mw-cash-365/_]
[mwcash.ph/_https_/mwcash.ph/mw-cash-also-known-as-mw-cash888/_]
[mwcash.ph/_https_/mwcash.ph/mw-cash-also-known-as-mwcbet-vip/_]
[mwcash.ph/_https_/mwcash.ph/mw-cash-also-known-as-mwcbet/_]
[mwcash.ph/_https_/mwcash.ph/mw-cash-news/_]
[mwcash.ph/_https_/mwcash.ph/mw-cash-premiere/_]
[mwcash.ph/_https_/mwcash.ph/mw-cash-legit/_]
[mwcash.ph/_https_/mwcash.ph/mw-cash-cashout/_]
[mwcash.ph/_https_/mwcash.ph/mw-cash-realmoney/_]
[mwcash.ph/_https_/mwcash.ph/agmw-cash/_]
[mwcash.ph/_https_/mwcash.ph/mw-cash-app-games/_]
[mwcash.ph/_https_/mwcash.ph/mw-cash-app-download/_]
[mwcash.ph/_https_/mwcash.ph/mw-cash-app-login/_]
[mwcash.ph/_https_/mwcash.ph/mw-cash-app-android/_]
[mwcash.ph/_https_/mwcash.ph/mw-cash-app-mwcbet/_]
[mwcash.ph/_https_/mwcash.ph/mw-cash-scatter/_]
[mwcash.ph/_https_/mwcash.ph/mw-cash-super-ace/_]
[mwcash.ph/_https_/mwcash.ph/mw-cash-sweet-bonanza/_]
[mwcash.ph/_https_/mwcash.ph/mw-cash-baccarat/_]
[mwcash.ph/_https_/mwcash.ph/extension-mw-cash-about-us/_]
[mwcash.ph/_https_/mwash.ph/disclaimer-policy-mw-cash/_]
[mwcash.ph/_https_/mwcash.ph/register-online-mw-cash/_]
[mwcash.ph/_https_/mwcash.ph/mw-cash-deposit-and-withdrawal/_]
[mwcash.ph/_https_/mwcash.ph/mw-cash-secure-online-gaming-experience/_]
[mwcash.ph/_https_/mwcash.ph/__MW]
[assets.zyrosite.com/cdn-cgi/image/format=auto,w=328,h=211,fit=crop/mv0l3e6P0RhBvwL9/android-chrome-512x512-AMqp1OgbEVCnMzeG.jpg]
[mwcash.ph/about.html]
[mwcash.ph/_https_/mwcash.ph/_]
[mwcash.ph/_https_/mwcash.ph/__https_/mwcash.ph_/a__/strong_]
[mwcash.ph/_https_/mwcash.ph/__https_/mwcash.ph_/a__/strong_432d]
[mwcash.ph/_https_/mwcash.ph/__https_/mwcash.ph_/a__/strong_,]
[mwcash.ph/_https_/mwcash.ph/__https_/mwcash.ph_/a__/strong__/p__p]
[mwcash.ph/_https_/mwcash.ph/__https_/mwcash.ph_/a__/strong_]
[mwcash.ph/_https_/mwcash.phâthe/__https_/mwcash.ph_/a__/strong__a]
[mwcash.ph/_https_/mwcash.phâthe/__âthe_/a_.1fe.delayed]
[assets.zyrosite.com/cdn-cgi/image/format=auto,w=1920,fit=crop/mv0l3e6P0RhBvwL9/screenshot-2024-12-21-190229-A0x1vz2WPlSePgZE.jpg]
[assets.zyrosite.com/cdn-cgi/image/format=auto,w=1920,fit=crop/mv0l3e6P0RhBvwL9/screenshot-2024-12-21-190125-AMqlDQMpyPT24094.jpg]
[assets.zyrosite.com/cdn-cgi/image/format=auto,w=1920,fit=crop/mv0l3e6P0RhBvwL9/screenshot-2024-12-21-190025-AwvD8gXJlLi9p9v0.jpg]
[assets.zyrosite.com/cdn-cgi/image/format=auto,w=1920,fit=crop/mv0l3e6P0RhBvwL9/screenshot-2024-12-21-185939-YbNq47eZpLHlKyn2.jpg]
[assets.zyrosite.com/cdn-cgi/image/format=auto,w=1920,fit=crop/mv0l3e6P0RhBvwL9/screenshot-2024-12-21-185907-ALp72yDbkDtgD8qD.jpg]
[mwcash.ph/mwcash-offcial-website.html]
[mwcash.ph/_https_/builder.hostinger.com/_.204.delayed]
[mwcash.ph/mwcash-affiliate-official-website.html]
[mwcash.ph/mwcash-philippines.html]
[mwcash.ph/_/guides]
[assets.zyrosite.com/cdn-cgi/image/format=auto,w=1224,h=184,fit=crop/mv0l3e6P0RhBvwL9/capture-YX4zaLP0yjHp2Kkn.jpg]
[assets.zyrosite.com/cdn-cgi/image/format=auto,w=328,h=50,fit=crop/mv0l3e6P0RhBvwL9/capture-YX4zaLP0yjHp2Kkn.jpg]
[assets.zyrosite.com/cdn-cgi/image/format=auto,w=328,h=214,fit=crop/mv0l3e6P0RhBvwL9/android-chrome-512x512-AMqp1OgbEVCnMzeG.jpg]
[mwcash.ph/guides.html]
[mwcash.ph/_/guide-for-beginners/_]
[mwcash.ph/guide-for-beginners.html]
[assets.zyrosite.com/cdn-cgi/image/format=auto,w=1224,h=320,fit=crop/mv0l3e6P0RhBvwL9/meta-og-mwcash-mePGeBR90wCLDjjq.jpg]
[assets.zyrosite.com/cdn-cgi/image/format=auto,w=328,h=320,fit=crop/mv0l3e6P0RhBvwL9/meta-og-mwcash-mePGeBR90wCLDjjq.jpg]
[mwcash.ph/beginners-guide.html]
[mwcash.ph/_/registration/_]
[assets.zyrosite.com/cdn-cgi/image/format=auto,w=573,h=320,fit=crop,trim=0;91.98237885462555;0;91.98237885462555/mv0l3e6P0RhBvwL9/meta-og-mwcash-mePGeBR90wCLDjjq.jpg]
[assets.zyrosite.com/cdn-cgi/image/format=auto,w=328,h=264,fit=crop,trim=0;241.49466192170817;0;241.49466192170817/mv0l3e6P0RhBvwL9/meta-og-mwcash-mePGeBR90wCLDjjq.jpg]
[assets.zyrosite.com/cdn-cgi/image/format=auto,w=164,h=328,fit=crop/mv0l3e6P0RhBvwL9/step1finalss-AwvPwQXk7ecyn8nK.jpg]
[assets.zyrosite.com/cdn-cgi/image/format=auto,w=120,h=253,fit=crop/mv0l3e6P0RhBvwL9/step1finalss-AwvPwQXk7ecyn8nK.jpg]
[assets.zyrosite.com/cdn-cgi/image/format=auto,w=241,h=296,fit=crop/mv0l3e6P0RhBvwL9/step2finaal-Y4LpxlD8NlFknBZ5.jpg]
[assets.zyrosite.com/cdn-cgi/image/format=auto,w=117,h=224,fit=crop/mv0l3e6P0RhBvwL9/step2finaal-Y4LpxlD8NlFknBZ5.jpg]
[assets.zyrosite.com/cdn-cgi/image/format=auto,w=152,h=200,fit=crop/mv0l3e6P0RhBvwL9/ste3-mv0l5QD4k9uMqDKa.jpg]
[mwcash.ph/how-to-register.html]
[assets.zyrosite.com/cdn-cgi/image/format=auto,w=328,h=213,fit=crop/mv0l3e6P0RhBvwL9/meta-og-mwcash-mePGeBR90wCLDjjq.jpg]
[mwcash.ph/how-to-login-at-mwcash.html]
[mwcash.ph/guidelines-relating-forgot-password.html]
[mwcash.ph/how-to-reset-password.html]
[mwcash.ph/_/mwcbo-login/_.217.delayed]
[mwcash.ph/_/mwcbo1-login/_]
[mwcash.ph/_/mwcbo2-login/_]
[assets.zyrosite.com/cdn-cgi/image/format=auto,w=866,h=389,fit=crop/mv0l3e6P0RhBvwL9/meta-og-mwcash-mePGeBR90wCLDjjq.jpg]
[assets.zyrosite.com/cdn-cgi/image/format=auto,w=328,h=256,fit=crop/mv0l3e6P0RhBvwL9/meta-og-mwcash-mePGeBR90wCLDjjq.jpg]
[mwcash.ph/agent-program.html]
[mwcash.ph/_/deposit/_]
[assets.zyrosite.com/cdn-cgi/image/format=auto,w=496,h=339,fit=crop,trim=11.17142857142857;14.568345323741006;11.17142857142857;14.568345323741006/mv0l3e6P0RhBvwL9/download-mjE5q846jEu7ENMW.png]
[assets.zyrosite.com/cdn-cgi/image/format=auto,w=328,h=265,fit=crop,trim=10.074074074074074;32.0979020979021;10.074074074074074;32.0979020979021/mv0l3e6P0RhBvwL9/download-mjE5q846jEu7ENMW.png]
[mwcash.ph/how-to-cash-in.html]
[mwcash.ph/_/withdrawal/_]
[assets.zyrosite.com/cdn-cgi/image/format=auto,w=480,h=320,fit=crop/mv0l3e6P0RhBvwL9/download-mjE5q846jEu7ENMW.png]
[assets.zyrosite.com/cdn-cgi/image/format=auto,w=328,h=264,fit=crop/mv0l3e6P0RhBvwL9/download-mjE5q846jEu7ENMW.png]
[mwcash.ph/how-to-cash-out.html]
[mwcash.ph/how-to-check-valid-turnover.html]
[mwcash.ph/_/legitimacy/_]
[assets.zyrosite.com/cdn-cgi/image/format=auto,w=1203,h=320,fit=crop/mv0l3e6P0RhBvwL9/meta-og-mwcash-mePGeBR90wCLDjjq.jpg]
[mwcash.ph/is-mw-cash-a-legitimate-online-casino.html]
[mwcash.ph/legitimacy.html]
[mwcash.ph/_/difference-of-mw-cash-to-other-casino/_.225.delayed]
[mwcash.ph/what-sets-mw-cash-apart-from-other-online-casinos.html]
[mwcash.ph/difference-of-mw-cash-to-other-casino.html]
[mwcash.ph/_/mwcash-ae-gaming/_]
[mwcash.ph/_/mwcash-fa-chai/_]
[mwcash.ph/_/mwcash-games-in-the-philippines-your-ultimate-guide-to-online-gaming-excitement/_]
[mwcash.ph/_/mwcash-color-game/_]
[mwcash.ph/_/mwcash-jili/_]
[mwcash.ph/_/mwcash-playn-go/_]
[mwcash.ph/_/mwcash-jdb/_]
[mwcash.ph/_/mwcash-pg-soft/_]
[mwcash.ph/_/mwcash-yb/_]
[mwcash.ph/_/mwcash-playstar/_]
[mwcash.ph/_/mwcash-kingmaker/_]
[mwcash.ph/_/mwcash-pragmatic-play/_]
[mwcash.ph/_/mwcash-sexy-gaming/_]
[mwcash.ph/_/mwcash-bingo-games/_]
[mwcash.ph/_/mwcash-p8/_]
[mwcash.ph/_/egypt-bonanza/_]
[mwcash.ph/_/other-games/_]
[mwcash.ph/_/super-elements/_]
[mwcash.ph/_/night-market-2/_]
[mwcash.ph/_/mwcash-rich88/_]
[mwcash.ph/_/zeus-slot/_]
[mwcash.ph/_/mwcash-evolution/_]
[mwcash.ph/_/mwcash-booongo/_]
[mwcash.ph/_/sweetbonanza-mwcash/_]
[mwcash.ph/_/mwcash-keno-games/_]
[mwcash.ph/_/mwcash-video-karera/_]
[mwcash.ph/_/mwcash-ameba-entertaiment/_]
[mwcash.ph/_/mwcash-mw-slot/_]
[mwcash.ph/_/mwcash-mp-sports/_]
[mwcash.ph/_/mwcash-wm-casino/_]
[mwcash.ph/_/mwcash-hacksaw/_]
[mwcash.ph/_/mwcash-mines/_]
[mwcash.ph/_/mwcash-bti-sports/_]
[mwcash.ph/_/superace/_]
[mwcash.ph/_/mwcash-vivo-gaming/_]
[mwcash.ph/_/mwcash-nolimit-city/_]
[mwcash.ph/_/golden-genie/_]
[mwcash.ph/_/mwcash-dream-gaming/_]
[mwcash.ph/mwcash-games-in-the-philippines-your-ultimate-guide-to-online-gaming-excitement.html]
[mwcash.ph/mwcash-games-guides.html]
[mwcash.ph/mwcash-sexy-gaming.html]
[mwcash.ph/mwcash-dream-gaming.html]
[mwcash.ph/mwcash-vivo-gaming.html]
[mwcash.ph/mwcash-evolution.html]
[mwcash.ph/mwcash-wm-casino.html]
[mwcash.ph/mwcash-bti-sports.html]
[mwcash.ph/mwcash-mp-sports.html]
[mwcash.ph/mwcash-fa-chai.html]
[mwcash.ph/mwcash-jili.html]
[mwcash.ph/mwcash-p8.html]
[mwcash.ph/mwcash-jdb.html]
[mwcash.ph/mwcash-ae-gaming.html]
[mwcash.ph/mwcash-ameba-entertaiment.html]
[mwcash.ph/mwcash-mw-slot.html]
[mwcash.ph/mwcash-pg-soft.html]
[mwcash.ph/mwcash-yb.html]
[mwcash.ph/mwcash-playstar.html]
[mwcash.ph/mwcash-hacksaw.html]
[mwcash.ph/mwcash-playn-go.html]
[mwcash.ph/mwcash-nolimit-city.html]
[mwcash.ph/mwcash-booongo.html]
[mwcash.ph/mwcash-pragmatic-play.html]
[mwcash.ph/mwcash-rich88.html]
[mwcash.ph/mwcash-kingmaker.html]
[mwcash.ph/mwcash-bingo-games.html]
[mwcash.ph/mwcash-keno-games.html]
[mwcash.ph/mwcash-color-game.html]
[mwcash.ph/mwcash-mines.html]
[mwcash.ph/mwcash-video-karera.html]
[assets.zyrosite.com/cdn-cgi/image/format=auto,w=216,h=184,fit=crop/mv0l3e6P0RhBvwL9/images-d95pPJExR1srglo9.jpg]
[mwcash.ph/superace.html]
[assets.zyrosite.com/cdn-cgi/image/format=auto,w=198,h=187,fit=crop/mv0l3e6P0RhBvwL9/images-d95pPJExR1srglo9.jpg]
[assets.zyrosite.com/cdn-cgi/image/format=auto,w=216,h=184,fit=crop/mv0l3e6P0RhBvwL9/images-AGBGo7pnq8F7JowD.jpg]
[mwcash.ph/sweetbonanza-mwcash.html]
[assets.zyrosite.com/cdn-cgi/image/format=auto,w=206,h=187,fit=crop/mv0l3e6P0RhBvwL9/images-AGBGo7pnq8F7JowD.jpg]
[assets.zyrosite.com/cdn-cgi/image/format=auto,w=216,h=184,fit=crop/mv0l3e6P0RhBvwL9/capsule_616x353-YBgpMkJwDvspWGe6.jpg]
[assets.zyrosite.com/cdn-cgi/image/format=auto,w=206,h=187,fit=crop/mv0l3e6P0RhBvwL9/capsule_616x353-YBgpMkJwDvspWGe6.jpg]
[mwcash.ph/other-games.html]
[mwcash.ph/golden-genie.html]
[mwcash.ph/egypt-bonanza.html]
[mwcash.ph/zeus-slot.html]
[mwcash.ph/night-market-2.html]
[assets.zyrosite.com/cdn-cgi/image/format=auto,w=216,h=184,fit=crop/mv0l3e6P0RhBvwL9/superelelents-m5Kvx94kM4FrExV0.png]
[assets.zyrosite.com/cdn-cgi/image/format=auto,w=206,h=187,fit=crop/mv0l3e6P0RhBvwL9/superelelents-m5Kvx94kM4FrExV0.png]
[mwcash.ph/games.html]
[mwcash.ph/super-elements.html]
[mwcash.ph/_/mwcash-sexygaming/_]
[mwcash.ph/_/mwcash-vivogaming/_]
[mwcash.ph/_/mwcash-live-casino/_]
[mwcash.ph/mwcash-live-casino.html]
[mwcash.ph/mwcash-sexygaming.html]
[mwcash.ph/live-casino.html]
[mwcash.ph/sports.html]
[mwcash.ph/mwcash-vivogaming.html]
[mwcash.ph/_/mwcash-fachai/_]
[mwcash.ph/_/mwcashp8/_]
[mwcash.ph/_/mwcashjili/_]
[mwcash.ph/mwcash-fachai.html]
[mwcash.ph/mwcashjili.html]
[mwcash.ph/fishing-fish-games.html]
[mwcash.ph/mwcashp8.html]
[mwcash.ph/_/slots/_]
[mwcash.ph/slots.html]
[mwcash.ph/arcade.html]
[mwcash.ph/table.html]
[mwcash.ph/_/mwcash-aegaming/_]
[mwcash.ph/_/mwcash-bingo-in-the-philippines-your-ultimate-guide-to-online-bingo-excitement/_]
[mwcash.ph/mwcash-bingo-in-the-philippines-your-ultimate-guide-to-online-bingo-excitement.html]
[mwcash.ph/bingo.html]
[mwcash.ph/mwcash-aegaming.html]
[mwcash.ph/_/mwplay/_.28e.delayed]
[mwcash.ph/_/mw3838/_]
[mwcash.ph/_/mw3838-mwcash/_]
[mwcash.ph/_/mw-family/_]
[mwcash.ph/_https_/mwvip.com.ph/_]
[mwcash.ph/_/mwgaming-mwcash/_]
[assets.zyrosite.com/cdn-cgi/image/format=auto,w=285,h=104,fit=crop/mv0l3e6P0RhBvwL9/test-mePLa40XRQuOyk6D.jpg]
[mwcash.ph/mwgaming-mwcash.html]
[assets.zyrosite.com/cdn-cgi/image/format=auto,w=328,h=120,fit=crop/mv0l3e6P0RhBvwL9/test-mePLa40XRQuOyk6D.jpg]
[assets.zyrosite.com/cdn-cgi/image/format=auto,w=285,h=104,fit=crop/mv0l3e6P0RhBvwL9/screenshot-2024-11-27-113442-Yany4y6kpJu944nO.png]
[mwcash.ph/mw3838-mwcash.html]
[assets.zyrosite.com/cdn-cgi/image/format=auto,w=222,h=152,fit=crop/mv0l3e6P0RhBvwL9/screenshot-2024-11-27-113442-Yany4y6kpJu944nO.png]
[mwcash.ph/mw-family.html]
[mwcash.ph/_https_/mwcash.ph/mwcash-march-17/_]
[mwcash.ph/events.html]
[mwcash.ph/promotions.html]
[mwcash.ph/unleash-excitement-with-bng-october-daily-missions-at-mwcash.html]
[mwcash.ph/autumn-spins-await-win-big-with-lucky-roulette.html]
[mwcash.ph/discover-hidden-riches-win-up-to-8000000-php-with-jbd-golden-treasure.html]
[mwcash.ph/dive-into-daily-adventures-with-jdb-games.html]
[mwcash.ph/conquer-new-challenges-with-jdb-daily-quests.html]
[mwcash.ph/experience-nonstop-excitement-with-jili.html]
[mwcash.ph/21-responsible-gaming.html]
[mwcash.ph/_http_/dot.com/__Dot.com_/a_.29c.delayed]
[mwcash.ph/terms-and-conditions.html]
[mwcash.ph/_mailto_info@mwcash.info/__info@mwcash._/a_ph._/p__h6]
[mwcash.ph/privacy-policy.html]
[mwcash.ph/responsible-gaming-policy.html]
[mwcash.ph/tmp-network-advertising.html]
[mwcash.ph/_.html]
[mwcash.ph/_/_.html]
[mwcash.ph/_https_/mwcash.ph/__MWCASH_/a__/strong_,.html]
[mwcash.ph/_https_/mwcash.ph/__MWCASH_/a__/strong_.html]
[mwcash.ph/_https_/mwcash.ph/__MWCASH_/a__/span__/h3__],_desktop__[0,{_top__[0,0],_left__[0,0],_width__[0,1224],_height__[0,60]}],_settings__[0,{_styles__[0,{_text__[0,_center_],_align__[0,_flex-start_],_ju]
[mwcash.ph/_/mw-cash-also-known-as-mw-play/_.html]
[mwcash.ph/mw-cash-also-known-as-mw-play.html]
[mwcash.ph/important-mwcash.html]
[mwcash.ph/mwplay.html]
[mwcash.ph/mwgaming.html]
[mwcash.ph/_mailto_info@mwcash.info/__info@mwcash._/a_ph._/p__],_desktop__[0,{_top__[0,24],_left__[0,0],_width__[0,1224],_height__[0,1702]}],_settings__[0,{_styles__[0,{_text__[0,_left_],_align__[0,_flex-st]
[assets.zyrosite.com/cdn-cgi/image/format=auto,w=480,h=320,fit=crop/mv0l3e6P0RhBvwL9/test-mePLa40XRQuOyk6D.png]
[assets.zyrosite.com/cdn-cgi/image/format=auto,w=328,h=128,fit=crop/mv0l3e6P0RhBvwL9/test-mePLa40XRQuOyk6D.jpg]
[mwcash.ph/mw3838.html]
[assets.zyrosite.com/cdn-cgi/image/format=auto,w=812,h=344,fit=crop/mv0l3e6P0RhBvwL9/images-1-YBgy7pW3rZuNG2K5.jpg]
[assets.zyrosite.com/cdn-cgi/image/format=auto,w=328,h=320,fit=crop/mv0l3e6P0RhBvwL9/images-1-YBgy7pW3rZuNG2K5.jpg]
[mwcash.ph/registration.html]
[assets.zyrosite.com/mv0l3e6P0RhBvwL9/439714387_25288393150804503_3255504555387728965_n-A3Qp8vqQvDfL9vQV.gif]
[mwcash.ph/registration-video-guide.html]
[assets.zyrosite.com/mv0l3e6P0RhBvwL9/439690250_25389764164004716_8994502697367629852_n-mv0jQOpoDEiMWDNq.gif]
[mwcash.ph/login-video-guide.html]
[assets.zyrosite.com/cdn-cgi/image/format=auto,w=812,h=344,fit=crop/mv0l3e6P0RhBvwL9/meta-og-mwcash-mePGeBR90wCLDjjq.jpg]
[mwcash.ph/how-to-login.html]
[mwcash.ph/deposit.html]
[assets.zyrosite.com/mv0l3e6P0RhBvwL9/ezgif-4-41dde1c15f-YrDaQKQDxOfRJvXo.gif]
[mwcash.ph/deposit-video-guide.html]
[assets.zyrosite.com/cdn-cgi/image/format=auto,w=812,h=344,fit=crop/mv0l3e6P0RhBvwL9/online-casino-2-mePGxL2l9nCrjNL0.jpg]
[assets.zyrosite.com/cdn-cgi/image/format=auto,w=328,h=320,fit=crop/mv0l3e6P0RhBvwL9/online-casino-2-mePGxL2l9nCrjNL0.jpg]
[mwcash.ph/withdrawal.html]
[assets.zyrosite.com/mv0l3e6P0RhBvwL9/439095085_7494159127343738_963875665972621531_n-1-m7VpZ6Jj48tJv4XN.gif]
[mwcash.ph/withdrawal-video-guide.html]
[assets.zyrosite.com/cdn-cgi/image/format=auto,w=812,h=344,fit=crop/mv0l3e6P0RhBvwL9/casino-games1-mePGxL29kPteZPQ6.jpg]
[assets.zyrosite.com/cdn-cgi/image/format=auto,w=328,h=320,fit=crop/mv0l3e6P0RhBvwL9/casino-games1-mePGxL29kPteZPQ6.jpg]
[mwcash.ph/agent-affiliate-program.html]
[assets.zyrosite.com/mv0l3e6P0RhBvwL9/439683948_7410311582379478_7025499350988095042_n-mP4p5aEoZps6Z6wq.gif]
[mwcash.ph/agent-login-video-guide.html]
[mwcash.ph/_/how-to-reset-your-password-a-simple-guide-to-regaining-access/_.2ae.delayed]
[mwcash.ph/how-to-reset-your-password-a-simple-guide-to-regaining-access.html]
[assets.zyrosite.com/mv0l3e6P0RhBvwL9/forgot_password-m7VpZRxp7pH4R7OV.gif]
[mwcash.ph/forgot-password-video-guide.html]
[assets.zyrosite.com/mv0l3e6P0RhBvwL9/439080266_7636699549750109_1083863088843039987_n-1-AR0JBxv0BwF5w5pj.gif]
[mwcash.ph/how-to-check-valid-turnover-video-guide.html]
[mwcash.ph/demystifying-valid-turnover-a-key-to-maximizing-your-gaming-rewards.html]
[mwcash.ph/_/exciting-casino-games-at-mw-cash/_.2b2.delayed]
[mwcash.ph/exciting-casino-games-at-mw-cash.html]
[assets.zyrosite.com/cdn-cgi/image/format=auto,w=470,h=461,fit=crop/mv0l3e6P0RhBvwL9/sssss-YD0vByNo2RH3Lae4.png]
[assets.zyrosite.com/cdn-cgi/image/format=auto,w=274,h=297,fit=crop/mv0l3e6P0RhBvwL9/sssss-YD0vByNo2RH3Lae4.png]
[mwcash.ph/march-top-10-games.html]
[mwcash.ph/payment-method.html]
[mwcash.ph/_https_/mwcash.ph/__MWCASH_/a__/strong___/p__ol.html]
[mwcash.ph/_http_/mwcash.ph/__mwcash.ph_/a_,.html]
[mwcash.ph/_https_/mwcash.ph/__Log.html]
[mwcash.ph/_http_/mwcash.ph/__mwcash.ph_/a_._/p__],_desktop__[0,{_top__[0,1],_left__[0,0],_width__[0,1224],_height__[0,1589]}],_settings__[0,{_styles__[0,{_text__[0,_justify_],_align__[0,_flex-start_],_just]
[mwcash.ph/_https_/mwcash.ph/__MWCASH_/a__/strong_b4d7.html]
[mwcash.ph/_https_/mwcash.ph/__MWCASH_/a__/strong___/p__p.html]
[mwcash.ph/_http_/mwcash.ph/__mwcash.ph_/a_._/p__],_desktop__[0,{_top__[0,1],_left__[0,0],_width__[0,1224],_height__[0,1558]}],_settings__[0,{_styles__[0,{_text__[0,_justify_],_align__[0,_flex-start_],_just]
[mwcash.ph/_https_/mwcash.ph/__MWCASH_/a_!_/strong__/p__p.html]
[mwcash.ph/_https_/mwcash.ph/__MWCASH_/a__/strong_-2.html]
[mwcash.ph/_https_/mwcash.ph/__MWCASH_/a__/strong_._/p__p.html]
[mwcash.ph/_https_/mwcash.ph/__MWCASH_/a__/strong_!.html]
[mwcash.ph/_https_/mwcash.ph/__MWCASH_/a__/strong_____b4d7.html]
[mwcash.ph/_https_/mwcash.ph/__MWCASH_/a_.html]
[mwcash.ph/_https_/mwcash.ph/__MWCASH_/a__/strong__/p__p.html]
[mwcash.ph/_https_/mwcash.ph/__MWCASH_/a__/strong_ade7.html]
[mwcash.ph/_https_/mwcash.ph/__MWCASH_/a__/strong__/p__ol.html]
[mwcash.ph/_https_/mwcash.ph/__MWCASH_/a__/strong_._/p__/li__li.html]
[mwcash.ph/_https_/mwcash.ph/__MWCASH_/a__/strong__/p__ul.html]
[mwcash.ph/mwcash-slot-tournament-march-2024.html]
[mwcash.ph/_https_/mwcash.ph/mwcash-experience-thrilling-events-and-win-big-this-week/_.html]
[mwcash.ph/_https_/mwcash.ph/mwcash-slot-tournament-march-2024/_.html]
[mwcash.ph/_https_/mwcash.ph/february-2024-discover-the-best-casino-games-at-mwcash/_.html]
[mwcash.ph/_https_/mwcash.ph/march-top-10-games/_.html]
[mwcash.ph/_https_/mwcash.ph/exciting-upcoming-events-at-mwcash-online-casino-in-march-2024/_.html]
[mwcash.ph/_https_/mwcash.ph/jdb-cash-roulette-of-november/_.html]
[mwcash.ph/_https_/mwcash.ph/weekly-game-ranking-nov-20/_.html]
[mwcash.ph/_https_/mwcash.ph/jili-anniversary-november-2023/_.html]
[mwcash.ph/_https_/mwcash.ph/mwcash-weekly-game-ranking-nov-13/_.html]
[mwcash.ph/_https_/mwcash.ph/jdb-slot-tournament-november-2023/_.html]
[mwcash.ph/_https_/mwcash.ph/jili-bonus-party-of-november/_.html]
[mwcash.ph/_https_/mwcash.ph/weekly-game-ranking-nov-6/_.html]
[mwcash.ph/_https_/mwcash.ph/weekly-popular-game-ranking-oct-23/_.html]
[mwcash.ph/_https_/mwcash.ph/weekly-popular-game-ranking-oct-16/_.html]
[mwcash.ph/_https_/mwcash.ph/weekly-popular-game-ranking-oct-9/_.html]
[mwcash.ph/_https_/mwcash.ph/weekly-popular-game-ranking-oct-2/_.html]
[mwcash.ph/_https_/mwcash.ph/weekly-popular-game-ranking-sep-25/_.html]
[mwcash.ph/_https_/mwcash.ph/weekly-popular-game-ranking-sep-18/_.html]
[mwcash.ph/_https_/mwcash.ph/weekly-popular-game-ranking-sep-11/_.html]
[mwcash.ph/_https_/mwcash.ph/weekly-popular-game-ranking-sep-4/_.html]
[mwcash.ph/_https_/mwcash.ph/weekly-popular-game-ranking-aug-28/_.html]
[mwcash.ph/_https_/mwcash.ph/jili-game-ranking-aug-2023/_.html]
[mwcash.ph/_https_/mwcash.ph/weekly-popular-game-ranking-aug-21/_.html]
[mwcash.ph/_https_/mwcash.ph/weekly-popular-game-ranking-aug-14/_.html]
[mwcash.ph/_https_/mwcash.ph/weekly-popular-game-ranking-aug-7/_.html]
[mwcash.ph/_https_/mwcash.ph/weekly-popular-game-ranking-aug-1/_.html]
[mwcash.ph/_https_/mwcash.ph/weekly-popular-game-ranking-july-24/_.html]
[mwcash.ph/_https_/mwcash.ph/mwcash-new-games-july/_.html]
[mwcash.ph/_https_/mwcash.ph/fachai-slot-game-ranking-july-2023/_.html]
[mwcash.ph/_https_/mwcash.ph/weekly-popular-game-ranking-july-10/_.html]
[mwcash.ph/_https_/mwcash.ph/weekly-popular-game-ranking-july-3/_.html]
[mwcash.ph/_https_/mwcash.ph/weekly-popular-game-ranking-june-26/_.html]
[mwcash.ph/_https_/mwcash.ph/pgsoft-game-ranking-june-2023/_.html]
[mwcash.ph/_https_/mwcash.ph/weekly-popular-game-ranking-june-19/_.html]
[mwcash.ph/_https_/mwcash.ph/mwcash-new-games-june/_.html]
[mwcash.ph/_https_/mwcash.ph/weekly-popular-game-ranking-june-12/_.html]
[mwcash.ph/_https_/mwcash.ph/yb-game-ranking-june-2023/_.html]
[mwcash.ph/_https_/mwcash.ph/jili-game-ranking-june-2023/_.html]
[mwcash.ph/_https_/mwcash.ph/weekly-popular-game-ranking-june-5/_.html]
[mwcash.ph/_https_/mwcash.ph/weekly-popular-game-ranking-may-29/_.html]
[mwcash.ph/_https_/mwcash.ph/jili-slot-tournament-may-2023/_.html]
[mwcash.ph/_https_/mwcash.ph/weekly-popular-game-ranking-may-22/_.html]
[mwcash.ph/_https_/mwcash.ph/mwcash-pgsoft-slot-game-ranking-may-2023/_.html]
[mwcash.ph/_https_/mwcash.ph/weekly-popular-game-ranking-may-15/_.html]
[mwcash.ph/_https_/mwcash.ph/pgsoft-slot-tournament-may-2023/_.html]
[mwcash.ph/_https_/mwcash.ph/weekly-popular-game-ranking-may-8/_.html]
[mwcash.ph/_https_/mwcash.ph/jili-game-ranking-may-2023/_.html]
[mwcash.ph/_https_/mwcash.ph/weekly-popular-game-ranking-may-1/_.html]
[mwcash.ph/_https_/mwcash.ph/jili-slot-winner-april-2023/_.html]
[mwcash.ph/_https_/mwcash.ph/mwcash-yb-game-ranking-april-2023/_.html]
[mwcash.ph/_https_/mwcash.ph/weekly-popular-game-ranking-apr-24/_.html]
[mwcash.ph/_https_/mwcash.ph/weekly-popular-game-ranking-apr-17/_.html]
[mwcash.ph/_https_/mwcash.ph/mwcash-new-games-apr-16-2023/_.html]
[mwcash.ph/_https_/mwcash.ph/mwcash-pgsoft-slot-game-ranking-apr-2023/_.html]
[mwcash.ph/_https_/mwcash.ph/weekly-popular-game-ranking-apr-10/_.html]
[mwcash.ph/_https_/mwcash.ph/pgsoft-slot-tournament-apr-2023/_.html]
[mwcash.ph/_https_/mwcash.ph/weekly-popular-game-ranking-apr-3/_.html]
[mwcash.ph/_https_/mwcash.ph/weekly-popular-game-ranking-mar-27/_.html]
[mwcash.ph/_https_/mwcash.ph/mwcash-jili-slot-game-ranking-mar-2023/_.html]
[mwcash.ph/_https_/mwcash.ph/jili-slot-winner-march-2023/_.html]
[mwcash.ph/_https_/mwcash.ph/mwcash-new-game-king-maker-special/_.html]
[mwcash.ph/_https_/mwcash.ph/weekly-popular-game-ranking-mar-20/_.html]
[mwcash.ph/_https_/mwcash.ph/mwcash-new-games-added-updated-mar-18/_.html]
[mwcash.ph/_https_/mwcash.ph/weekly-popular-game-ranking-mar-13/_.html]
[mwcash.ph/_https_/mwcash.ph/mwcash-pgsoft-slot-game-ranking-mar-2023/_.html]
[mwcash.ph/_https_/mwcash.ph/pgsoft-slot-tournament-mar-2023/_.html]
[mwcash.ph/_https_/mwcash.ph/weekly-popular-game-ranking-mar-6/_.html]
[mwcash.ph/_https_/mwcash.ph/mwcash-popular-game-ranking-in-feb-2023/_.html]
[mwcash.ph/_https_/mwcash.ph/weekly-popular-game-ranking-feb-27/_.html]
[mwcash.ph/_https_/mwcash.ph/yb-game-ranking-feb-2023/_.html]
[mwcash.ph/_https_/mwcash.ph/weekly-popular-game-ranking-feb-20/_.html]
[mwcash.ph/_https_/mwcash.ph/mwcash-new-games-added-updated-feb-18/_.html]
[mwcash.ph/_https_/mwcash.ph/mwcash-pgsoft-slot-game-ranking-feb-2023/_.html]
[mwcash.ph/_https_/mwcash.ph/mwcash-jili-slot-game-ranking-feb-2023/_.html]
[mwcash.ph/_https_/mwcash.ph/mwcash-fachai-slot-game-ranking-feb-2023/_.html]
[mwcash.ph/_https_/mwcash.ph/weekly-popular-game-ranking-updated-feb-13/_.html]
[mwcash.ph/_https_/mwcash.ph/jili-slot-winner-february-2023/_.html]
[mwcash.ph/_https_/mwcash.ph/fachai-slot-tournament-feb-2023/_.html]
[mwcash.ph/_https_/mwcash.ph/mwcash-sports-pba-game-today-on-feb-12/_.html]
[mwcash.ph/_https_/mwcash.ph/mwcash-sports-pba-game-today-on-feb-11/_.html]
[mwcash.ph/_https_/mwcash.ph/mwcash-sports-pba-game-today-on-feb-10/_.html]
[mwcash.ph/_https_/mwcash.ph/mwcash-sports-pba-game-today-on-feb-9/_.html]
[mwcash.ph/_https_/mwcash.ph/mwcash-sports-pba-game-today-on-feb-8/_.html]
[mwcash.ph/_https_/mwcash.ph/weekly-popular-game-ranking-updated-feb-6/_.html]
[mwcash.ph/_https_/mwcash.ph/mwcash-sports-pba-game-today-on-feb-5/_.html]
[mwcash.ph/_https_/mwcash.ph/mwcash-sports-pba-game-today-on-feb-4/_.html]
[mwcash.ph/_https_/mwcash.ph/mwcash-sports-pba-game-today-on-feb-3/_.html]
[mwcash.ph/_https_/mwcash.ph/mwcash-sports-pba-game-today-on-feb-1/_.html]
[mwcash.ph/_https_/mwcash.ph/mwcash-popular-game-ranking-in-jan-2023/_.html]
[mwcash.ph/_https_/mwcash.ph/mwcash-weekly-game-ranking-updated-jan-30/_.html]
[mwcash.ph/_https_/mwcash.ph/mwcash-sports-pba-live-today-on-jan-29/_.html]
[mwcash.ph/_https_/mwcash.ph/mwcash-pgsoft-slot-game-ranking-jan-2023/_.html]
[mwcash.ph/_https_/mwcash.ph/mwcash-sports-pba-live-today-on-jan-28/_.html]
[mwcash.ph/_https_/mwcash.ph/pgsoft-slot-tournament-jan-2023/_.html]
[mwcash.ph/_https_/mwcash.ph/mwcash-sports-pba-2023-todays-game-on-jan-27/_.html]
[mwcash.ph/_https_/mwcash.ph/mwcash-sports-pba-2023-todays-game-on-jan-26/_.html]
[mwcash.ph/_https_/mwcash.ph/mwcash-sports-pba-2023-is-live-on-jan-25/_.html]
[mwcash.ph/_https_/mwcash.ph/mwcash-weekly-game-ranking-updated-jan-23/_.html]
[mwcash.ph/_https_/mwcash.ph/mwcash-sports-pba-2023-is-live-on-jan-22/_.html]
[mwcash.ph/_https_/mwcash.ph/mwcash-new-games-added-updated-jan-21-2023/_.html]
[mwcash.ph/_https_/mwcash.ph/mwcash-new-game-nolimit-city-special/_.html]
[mwcash.ph/_https_/mwcash.ph/mwcash-jdb-slot-game-ranking-jan-2023/_.html]
[mwcash.ph/_https_/mwcash.ph/mwcash-popular-game-ranking-in-december-2022/_.html]
[mwcash.ph/_https_/mwcash.ph/mwcash-popular-game-ranking-in-october2022/_.html]
[mwcash.ph/_https_/mwcash.ph/mwcash-sportsbet-pba-commissioner-cup-is-live-on-oct-30/_.html]
[mwcash.ph/_https_/mwcash.ph/mwcash-regular-maintenance-information-on-oct-28/_.html]
[mwcash.ph/_https_/mwcash.ph/mwcash-sportsbet-featured-games-pba-commissioner-cup-highlights/_.html]
[mwcash.ph/_https_/mwcash.ph/rich88-mwcash-maintenance-notification-october-27-2022/_.html]
[mwcash.ph/_https_/mwcash.ph/pba-commissioner-cup-is-live-on-oct-26/_.html]
[mwcash.ph/_https_/mwcash.ph/mwcash-maintenance-notification-for-jili-games/_.html]
[mwcash.ph/_https_/mwcash.ph/pba-commissioner-cup-live-games/_.html]
[mwcash.ph/_https_/mwcash.ph/pba-commissioner-cup-live-today/_.html]
[mwcash.ph/_https_/mwcash.ph/mwcash-maintenance-notification-for-rich88-games/_.html]
[mwcash.ph/_https_/mwcash.ph/mwcash-tournament-event-featuring-jili-games-join-now/_.html]
[mwcash.ph/_https_/mwcash.ph/mwcash-maintenance-notification-october-19-2022/_.html]
[mwcash.ph/_https_/mwcash.ph/rich88-mwcash-maintenance-notification-october-19-2022/_.html]
[mwcash.ph/_https_/mwcash.ph/mwcash-maintenance-notification-for-dream-gaming-october-19-2022/_.html]
[mwcash.ph/_https_/mwcash.ph/maintenance-notification-for-aeslot-october-18-2022/_.html]
[mwcash.ph/_https_/mwcash.ph/mwcash-maintenance-information-on-oct-16/_.html]
[mwcash.ph/_https_/mwcash.ph/pba-commissioner-cup-is-live-on-oct-15/_.html]
[mwcash.ph/_https_/mwcash.ph/mwcash-maintenance-information-on-oct-12/_.html]
[mwcash.ph/_https_/mwcash.ph/mwcash-maintenance-notification-for-rich88-october-12-2022/_.html]
[mwcash.ph/_https_/mwcash.ph/mwcash-system-maintenance-notification-october-11-2022/_.html]
[mwcash.ph/_https_/mwcash.ph/pba-commissioner-cup-is-live-on-oct-9/_.html]
[mwcash.ph/_https_/mwcash.ph/pba-commissioner-cup-live-on-october-7-bet-on-todays-games-at-mwcash/_.html]
[mwcash.ph/_https_/mwcash.ph/mwcash-maintenance-notification-for-dream-gaming-october-7-2022/_.html]
[mwcash.ph/_https_/mwcash.ph/mwcash-maintenance-information-on-oct-11/_.html]
[mwcash.ph/_https_/mwcash.ph/mwcash-maintenance-information-on-oct-4/_.html]
[mwcash.ph/_https_/mwcash.ph/mwcash-featured-game-of-the-week-lucky-color-game/_.html]
[mwcash.ph/_https_/mwcash.ph/mwcash-popular-game-ranking-in-september-2022/_.html]
[mwcash.ph/_https_/mwcash.ph/mwslot-mwcash-maintenance-information-on-sep-29/_.html]
[mwcash.ph/_https_/mwcash.ph/rich88-mwcash-maintenance-notification-september-28-2022/_.html]
[mwcash.ph/_https_/mwcash.ph/aeslot-mwcash-maintenance-information-on-sep-27/_.html]
[mwcash.ph/_https_/mwcash.ph/jili-mwcash-maintenance-information-on-sep-26/_.html]
[mwcash.ph/_https_/mwcash.ph/aeslot-temporary-maintenance-notice/_.html]
[mwcash.ph/_https_/mwcash.ph/evolution-maintenance-on-sep-27/_.html]
[mwcash.ph/_https_/mwcash.ph/evolution-maintenance-on-sep-22/_.html]
[mwcash.ph/_https_/mwcash.ph/aeslot-regular-maintenance-on-sep-20/_.html]
[mwcash.ph/_https_/mwcash.ph/playstar-summer-party-1500000php/_.html]
[mwcash.ph/_https_/mwcash.ph/evolution-maintenance-on-sep-21/_.html]
[mwcash.ph/_https_/mwcash.ph/mwslot-maintenance-on-sep-15/_.html]
[mwcash.ph/_https_/mwcash.ph/mpsports-regular-maintenance-notification/_.html]
[mwcash.ph/_https_/mwcash.ph/aeslot-regular-maintenance-on-sep-13/_.html]
[mwcash.ph/_https_/mwcash.ph/pocket-regular-maintenance-on-sep-13/_.html]
[mwcash.ph/_https_/mwcash.ph/jdb-summer-riches-never-end-5000000-php-prize-pool/_.html]
[mwcash.ph/_https_/mwcash.ph/mpsports-regular-maintenance-on-sep-9/_.html]
[mwcash.ph/_https_/mwcash.ph/ae-sexy-regular-maintenance-notification/_.html]
[mwcash.ph/_https_/mwcash.ph/rich88-regular-maintenance-on-sep-7/_.html]
[mwcash.ph/_https_/mwcash.ph/aeslot-regular-maintenance-on-sep-6/_.html]
[mwcash.ph/_https_/mwcash.ph/pg-treasure-party-6000000php/_.html]
[mwcash.ph/_https_/mwcash.ph/mps-sports-new-pba-philippine-cup-on-sep-2/_.html]
[mwcash.ph/_https_/mwcash.ph/system-maintenance-alert/_.html]
[mwcash.ph/_https_/mwcash.ph/mwslot-maintenance-on-aug-25/_.html]
[mwcash.ph/_https_/mwcash.ph/play8-maintenance-on-aug-25/_.html]
[mwcash.ph/_https_/mwcash.ph/rich88-maintenance-notification/_.html]
[mwcash.ph/_https_/mwcash.ph/evolution-maintenance-alert/_.html]
[mwcash.ph/_https_/mwcash.ph/vivo-maintenance-on-aug-25/_.html]
[mwcash.ph/_https_/mwcash.ph/jili-maintenance-notification/_.html]
[mwcash.ph/_https_/mwcash.ph/playstar-maintenance-on-aug-25/_.html]
[mwcash.ph/_https_/mwcash.ph/pocket-maintenance-on-aug-25/_.html]
[mwcash.ph/_https_/mwcash.ph/yb-maintenance-on-aug-25/_.html]
[mwcash.ph/_https_/mwcash.ph/jdbslot-maintenance-notification/_.html]
[mwcash.ph/_https_/mwcash.ph/aeslot-maintenance-on-aug-25/_.html]
[mwcash.ph/_/mwcash-apk/_.html]
[mwcash.ph/_/mwcash-app-ios/_.html]
[mwcash.ph/_https_/mwcash.ph/mwcash-app-android/_.html]
[mwcash.ph/_https_/mwcash.ph/mw-cash-app-ios/_.html]
[mwcash.ph/_https_/mwcash.ph/mw-cash-download-app/_.html]
[mwcash.ph/mwcbet-vip]
[mwcash.ph/_https_/mwcash.ph/__MWCASH_/a__/strong_!_/p__],_desktop__[0,{_top__[0,1],_left__[0,0],_width__[0,1224],_height__[0,998]}],_settings__[0,{_styles__[0,{_text__[0,_justify_],_align__[0,_flex-start_]]
[mwcash.ph/_https_/mwcash.ph/mwcash-casino-unveils-exciting-new-games-for-march-2024/_]
[mwcash.ph/_/mw-cash-apk/_]
[mwcash.ph/_http_/mwcash.ph/__mwcash.ph_/a_]
[mwcash.ph/mwcash-apk.html]
[mwcash.ph/mwcash-app-ios.html]
[mwcash.ph/_/is-mw-cash-a-licensed-online-casino.html]
[mwcash.ph/_/mwcash-frequently-asked-questions-faqs/_.html]
[mwcash.ph/mw-cash-apk.html]
[assets.zyrosite.com/cdn-cgi/image/format=auto,w=328,h=278,fit=crop/mv0l3e6P0RhBvwL9/meta-og-mwcash-mePGeBR90wCLDjjq.jpg]
[mwcash.ph/is-mw-cash-a-licensed-online-casino.html]
[mwcash.ph/_/news/_.html]
[mwcash.ph/_/the-rise-to-the-top-how-we-became-the-1-leading-online-casino-in-the-philippines.html]
[mwcash.ph/_/the-rise-to-the-top-how-we-became-the-1-leading-online-casino-in-the-philippines/_.html]
[mwcash.ph/_/why-mwcashph-is-the-go-to-destination-for-many-players-besides-being-informative/_.html]
[mwcash.ph/_http_/MWCASH.PH/__MWCASH.PH_/a_.html]
[mwcash.ph/_http_/MWCASH.PH/__MWCASH.PH_/a_,-2.html]
[mwcash.ph/_/bakit-mwcash-ang-nangungunang-online-casino-sa-pilipinas/_.html]
[mwcash.ph/_/ang-mwcash-ay-isa-sa-mga-pinakatanyag-at-minamahal-na-online-casino-ng-mga-vloggers/_.html]
[mwcash.ph/ang-mwcash-ay-isa-sa-mga-pinakatanyag-at-minamahal-na-online-casino-ng-mga-vloggers.html]
[mwcash.ph/_https_/mwcash.ph/mwcash-com/_.html]
[mwcash.ph/_https_/mwcash.ph/mwcash-net/_.html]
[mwcash.ph/_https_/mwcash.ph/mwcash-live/_.html]
[mwcash.ph/_https_/mwcash.ph/mwcash-register/_.html]
[mwcash.ph/_https_/mwcash.ph/mwcash-login/_.html]
[mwcash.ph/_https_/mwcash.ph/mwcash-download/_.html]
[mwcash.ph/_https_/mwcash.ph/mwcash-app/_.html]
[mwcash.ph/_https_/mwcash.ph/mwcash-gcash/_.html]
[mwcash.ph/_https_/mwcash.ph/mwcash-paymaya/_.html]
[mwcash.ph/_https_/mwcash.ph/mwcash-games/_.html]
[mwcash.ph/_https_/mwcash.ph/mwcash-sports/_.html]
[mwcash.ph/_https_/mwcash.ph/mwcash-ph/_.html]
[mwcash.ph/_https_/mwcash.ph/mwcash-agent/_.html]
[mwcash.ph/_https_/mwcash.ph/mwcash365-login/_.html]
[mwcash.ph/_https_/mwcash.ph/mwcash-promotions/_.html]
[mwcash.ph/_https_/mwcash.ph/mwcash-vip/_.html]
[mwcash.ph/_https_/mwcash.ph/mwcash-winnings/_.html]
[mwcash.ph/_https_/mwcash.ph/mwcash-odds/_.html]
[mwcash.ph/_https_/mwcash.ph/mwcash-play-and-earn/_.html]
[mwcash.ph/_https_/mwcash.ph/mwcash-signup/_.html]
[mwcash.ph/_https_/mwcash.ph/mwcash-nba/_.html]
[mwcash.ph/_https_/mwcash.ph/mwcash-guides/_.html]
[mwcash.ph/_https_/mwcash.ph/mwcash-slots/_.html]
[mwcash.ph/_https_/mwcash.ph/mwcash-fishing-games/_.html]
[mwcash.ph/_https_/mwcash.ph/mwcash-live-casino-games/_.html]
[mwcash.ph/_https_/mwcash.ph/mwcash-arcade/_.html]
[mwcash.ph/_https_/mwcash.ph/mwcash-table-games/_.html]
[mwcash.ph/_https_/mwcash.ph/mwcash-bingo/_.html]
[mwcash.ph/_https_/mwcash.ph/mwcash-365/_.html]
[mwcash.ph/_https_/mwcash.ph/mwcash-also-known-as-mwcash888/_.html]
[mwcash.ph/_https_/mwcash.ph/mwcash-also-known-as-mwcbet-vip/_.html]
[mwcash.ph/_https_/mwcash.ph/mwcash-also-known-as-mwcbet/_.html]
[mwcash.ph/_https_/mwcash.ph/mwcash-news/_.html]
[mwcash.ph/_https_/mwcash.ph/mwcash-legit/_.html]
[mwcash.ph/_https_/mwcash.ph/mwcash-cashout/_.html]
[mwcash.ph/_https_/mwcash.ph/mwcash-realmoney/_.html]
[mwcash.ph/_https_/mwcash.ph/agmwcash/_.html]
[mwcash.ph/_https_/mwcash.ph/mwcash-app-games/_.html]
[mwcash.ph/_https_/mwcash.ph/mwcash-app-download/_.html]
[mwcash.ph/_https_/mwcash.ph/mwcash-app-login/_.html]
[mwcash.ph/_https_/mwcash.ph/mwcash-app-ios/_.html]
[mwcash.ph/_https_/mwcash.ph/mwcash-app-mwcbet/_.html]
[mwcash.ph/_https_/mwcash.ph/mwcash-scatter/_.html]
[mwcash.ph/_https_/mwcash.ph/mwcash-super-ace/_.html]
[mwcash.ph/_https_/mwcash.ph/mwcash-sweet-bonanza/_.html]
[mwcash.ph/_https_/mwcash.ph/mwcash-baccarat/_.html]
[mwcash.ph/_https_/mwcash.ph/disclaimer-policy-mwcash/_.html]
[mwcash.ph/_https_/mwcash.ph/extension-mwcash-about-us/_.html]
[mwcash.ph/_https_/mwcash.ph/register-online-mwcash/_.html]
[mwcash.ph/_https_/mwcash.ph/mwcash-deposit-and-withdrawal/_.html]
[mwcash.ph/_https_/mwcash.ph/mwcash-secure-online-gaming-experience/_.html]
[mwcash.ph/_https_/mwcash.ph/mw-cash-com/_.html]
[mwcash.ph/_https_/mwcash.ph/mw-cash-net/_.html]
[mwcash.ph/_https_/mwcash.ph/mw-cash-live/_.html]
[mwcash.ph/_https_/mwcash.ph/mw-cash-register/_.html]
[mwcash.ph/_https_/mwcash.ph/mw-cash-login/_.html]
[mwcash.ph/_https_/mwcash.ph/mw-cash-download/_.html]
[mwcash.ph/_https_/mwcash.ph/mw-cash-app/_.html]
[mwcash.ph/_https_/mwcash.ph/mw-cash-gcash/_.html]
[mwcash.ph/_https_/mwcash.ph/mw-cash-paymaya/_.html]
[mwcash.ph/_https_/mwcash.ph/mw-cash-games/_.html]
[mwcash.ph/_https_/mwcash.ph/mw-cash-sports/_.html]
[mwcash.ph/_https_/mwcash.ph/mw-cash-philippines/_.html]
[mwcash.ph/_https_/mwcash.ph/mw-cash-ph/_.html]
[mwcash.ph/_https_/mwcash.ph/mw-cash-agent/_.html]
[mwcash.ph/_https_/mwcash.ph/mw-cash-365-login/_.html]
[mwcash.ph/_https_/mwcash.ph/mw-cash-promotions/_.html]
[mwcash.ph/_https_/mwcash.ph/mw-cash-vip/_.html]
[mwcash.ph/_https_/mwcash.ph/mw-cash-winnings/_.html]
[mwcash.ph/_https_/mwcash.ph/mw-cash-odds/_.html]
[mwcash.ph/_https_/mwcash.ph/mw-cash-play-and-earn/_.html]
[mwcash.ph/_https_/mwcash.ph/mw-cash-signup/_.html]
[mwcash.ph/_https_/mwcash.ph/mw-cash-nba/_.html]
[mwcash.ph/_https_/mwcash.ph/mw-cash-guides/_.html]
[mwcash.ph/_https_/mwcash.ph/mw-cash-slots/_.html]
[mwcash.ph/_https_/mwcash.ph/mw-cash-fishing-games/_.html]
[mwcash.ph/_https_/mwcash.ph/mw-cash-live-casino-games/_.html]
[mwcash.ph/_https_/mwcash.ph/mw-cash-live-arcade-games/_.html]
[mwcash.ph/_https_/mwcash.ph/mw-cash-table-games/_.html]
[mwcash.ph/_https_/mwcash.ph/mw-cash-bingo/_.html]
[mwcash.ph/_https_/mwcash.ph/mw-cash-365/_.html]
[mwcash.ph/_https_/mwcash.ph/mw-cash-also-known-as-mw-cash888/_.html]
[mwcash.ph/_https_/mwcash.ph/mw-cash-also-known-as-mwcbet-vip/_.html]
[mwcash.ph/_https_/mwcash.ph/mw-cash-also-known-as-mwcbet/_.html]
[mwcash.ph/_https_/mwcash.ph/mw-cash-news/_.html]
[mwcash.ph/_https_/mwcash.ph/mw-cash-premiere/_.html]
[mwcash.ph/_https_/mwcash.ph/mw-cash-legit/_.html]
[mwcash.ph/_https_/mwcash.ph/mw-cash-cashout/_.html]
[mwcash.ph/_https_/mwcash.ph/mw-cash-realmoney/_.html]
[mwcash.ph/_https_/mwcash.ph/agmw-cash/_.html]
[mwcash.ph/_https_/mwcash.ph/mw-cash-app-games/_.html]
[mwcash.ph/_https_/mwcash.ph/mw-cash-app-download/_.html]
[mwcash.ph/_https_/mwcash.ph/mw-cash-app-login/_.html]
[mwcash.ph/_https_/mwcash.ph/mw-cash-app-android/_.html]
[mwcash.ph/_https_/mwcash.ph/mw-cash-app-mwcbet/_.html]
[mwcash.ph/_https_/mwcash.ph/mw-cash-scatter/_.html]
[mwcash.ph/_https_/mwcash.ph/mw-cash-super-ace/_.html]
[mwcash.ph/_https_/mwcash.ph/mw-cash-sweet-bonanza/_.html]
[mwcash.ph/_https_/mwcash.ph/mw-cash-baccarat/_.html]
[mwcash.ph/_https_/mwcash.ph/extension-mw-cash-about-us/_.html]
[mwcash.ph/_https_/mwash.ph/disclaimer-policy-mw-cash/_.html]
[mwcash.ph/_https_/mwcash.ph/register-online-mw-cash/_.html]
[mwcash.ph/_https_/mwcash.ph/mw-cash-deposit-and-withdrawal/_.html]
[mwcash.ph/_https_/mwcash.ph/mw-cash-secure-online-gaming-experience/_.html]
[mwcash.ph/_https_/mwcash.ph/__MW.html]
[mwcash.ph/_https_/mwcash.ph/_.html]
[mwcash.ph/_https_/mwcash.ph/__https_/mwcash.ph_/a__/strong_.html]
[mwcash.ph/_https_/mwcash.ph/__https_/mwcash.ph_/a__/strong_432d.html]
[mwcash.ph/_https_/mwcash.ph/__https_/mwcash.ph_/a__/strong_,.html]
[mwcash.ph/_https_/mwcash.ph/__https_/mwcash.ph_/a__/strong__/p__p.html]
[mwcash.ph/_https_/mwcash.ph/__https_/mwcash.ph_/a__/strong_-2.html]
[mwcash.ph/_https_/mwcash.phâthe/__https_/mwcash.ph_/a__/strong__a.html]
[mwcash.ph/_https_/mwcash.phâthe/__âthe_/a_.html]
[mwcash.ph/_https_/builder.hostinger.com/_.html]
[mwcash.ph/_/guides.html]
[mwcash.ph/_/guide-for-beginners/_.html]
[mwcash.ph/_https_/mwcash.ph/mwcash/_]
[assets.zyrosite.com/cdn-cgi/image/format=auto,w=812,h=344,fit=crop/mv0l3e6P0RhBvwL9/images-mePGxL2lL2IJkWgO.jpg]
[assets.zyrosite.com/cdn-cgi/image/format=auto,w=328,h=320,fit=crop/mv0l3e6P0RhBvwL9/images-mePGxL2lL2IJkWgO.jpg]
[mwcash.ph/guide-for-beginners.html]
[mwcash.ph/_/registration/_.html]
[mwcash.ph/_/mwcbo-login/_.html]
[mwcash.ph/_/mwcbo1-login/_.html]
[mwcash.ph/_/mwcbo2-login/_.html]
[mwcash.ph/_/deposit/_.html]
[mwcash.ph/_/withdrawal/_.html]
[mwcash.ph/_/legitimacy/_.html]
[mwcash.ph/legitimacy.html]
[mwcash.ph/_/difference-of-mw-cash-to-other-casino/_.html]
[assets.zyrosite.com/cdn-cgi/image/format=auto,w=812,h=344,fit=crop/mv0l3e6P0RhBvwL9/kings-AGBvnXkGMkSp6l6X.jpg]
[assets.zyrosite.com/cdn-cgi/image/format=auto,w=328,h=320,fit=crop/mv0l3e6P0RhBvwL9/kings-AGBvnXkGMkSp6l6X.jpg]
[mwcash.ph/difference-of-mw-cash-to-other-casino.html]
[mwcash.ph/_/mwcash-ae-gaming/_.html]
[mwcash.ph/_/mwcash-fa-chai/_.html]
[mwcash.ph/_/mwcash-games-in-the-philippines-your-ultimate-guide-to-online-gaming-excitement/_.html]
[mwcash.ph/_/mwcash-color-game/_.html]
[mwcash.ph/_/mwcash-jili/_.html]
[mwcash.ph/_/mwcash-playn-go/_.html]
[mwcash.ph/_/mwcash-jdb/_.html]
[mwcash.ph/_/mwcash-pg-soft/_.html]
[mwcash.ph/_/mwcash-yb/_.html]
[mwcash.ph/_/mwcash-playstar/_.html]
[mwcash.ph/_/mwcash-kingmaker/_.html]
[mwcash.ph/_/mwcash-pragmatic-play/_.html]
[mwcash.ph/_/mwcash-sexy-gaming/_.html]
[mwcash.ph/_/mwcash-bingo-games/_.html]
[mwcash.ph/_/mwcash-p8/_.html]
[mwcash.ph/_/egypt-bonanza/_.html]
[mwcash.ph/_/other-games/_.html]
[mwcash.ph/_/super-elements/_.html]
[mwcash.ph/_/night-market-2/_.html]
[mwcash.ph/_/mwcash-rich88/_.html]
[mwcash.ph/_/zeus-slot/_.html]
[mwcash.ph/_/mwcash-evolution/_.html]
[mwcash.ph/_/mwcash-booongo/_.html]
[mwcash.ph/_/sweetbonanza-mwcash/_.html]
[mwcash.ph/_/mwcash-keno-games/_.html]
[mwcash.ph/_/mwcash-video-karera/_.html]
[mwcash.ph/_/mwcash-ameba-entertaiment/_.html]
[mwcash.ph/_/mwcash-mw-slot/_.html]
[mwcash.ph/_/mwcash-mp-sports/_.html]
[mwcash.ph/_/mwcash-wm-casino/_.html]
[mwcash.ph/_/mwcash-hacksaw/_.html]
[mwcash.ph/_/mwcash-mines/_.html]
[mwcash.ph/_/mwcash-bti-sports/_.html]
[mwcash.ph/_/superace/_.html]
[mwcash.ph/_/mwcash-vivo-gaming/_.html]
[mwcash.ph/_/mwcash-nolimit-city/_.html]
[mwcash.ph/_/golden-genie/_.html]
[mwcash.ph/_/mwcash-dream-gaming/_.html]
[mwcash.ph/_http_/MWCASH.ph/__MWCASH.ph_/a_.2c0.delayed]
[mwcash.ph/_http_/MWCASH.ph/__MWCASH.ph_/a___/strong__/p__ul]
[mwcash.ph/mwcash-games-in-the-philippines-your-ultimate-guide-to-online-gaming-excitement.html]
[mwcash.ph/mwcash-games-guides.html]
[mwcash.ph/mwcash-sexy-gaming.html]
[mwcash.ph/_http_/MWCASH.ph/__MWCASH.ph_/a_!_/p__],_desktop__[0,{_top__[0,1],_left__[0,0],_width__[0,1224],_height__[0,916]}],_settings__[0,{_styles__[0,{_text__[0,_justify_],_align__[0,_flex-start_],_justi]
[mwcash.ph/_/mwcash-dreamgaming/_.2c3.delayed]
[mwcash.ph/mwcash-dream-gaming.html]
[mwcash.ph/mwcash-vivo-gaming.html]
[mwcash.ph/mwcash-dreamgaming.html]
[mwcash.ph/_/mwcash-evolution-gaming/_]
[mwcash.ph/mwcash-evolution.html]
[mwcash.ph/mwcash-evolution-gaming.html]
[mwcash.ph/_/mwcash-wmcasino/_]
[mwcash.ph/mwcash-wm-casino.html]
[mwcash.ph/mwcash-bti-sports.html]
[mwcash.ph/mwcash-wmcasino.html]
[mwcash.ph/_/mwcash-mpsports/_]
[mwcash.ph/mwcash-mp-sports.html]
[mwcash.ph/mwcash-fa-chai.html]
[mwcash.ph/mwcash-mpsports.html]
[mwcash.ph/_/mwcashjdb/_]
[mwcash.ph/mwcash-jdb.html]
[mwcash.ph/mwcash-jili.html]
[mwcash.ph/mwcash-p8.html]
[mwcash.ph/mwcash-ae-gaming.html]
[mwcash.ph/mwcashjdb.html]
[mwcash.ph/mwcash-ameba-entertaiment.html]
[mwcash.ph/mwcash-mw-slot.html]
[mwcash.ph/mwcash-ameba.html]
[mwcash.ph/mwcash-pg-soft.html]
[mwcash.ph/mwcash-playstar.html]
[mwcash.ph/mwcash-pgsoft.html]
[mwcash.ph/_/mwcashyb/_]
[mwcash.ph/mwcash-yb.html]
[mwcash.ph/mwcash-hacksaw.html]
[mwcash.ph/mwcashyb.html]
[mwcash.ph/_/mwcash-playngo/_]
[mwcash.ph/mwcash-playn-go.html]
[mwcash.ph/mwcash-playngo.html]
[mwcash.ph/_/mwcash-nolimitcity/_]
[mwcash.ph/mwcash-nolimit-city.html]
[mwcash.ph/mwcash-nolimitcity.html]
[mwcash.ph/_/mwcashbooongo/_]
[mwcash.ph/mwcash-booongo.html]
[mwcash.ph/mwcashbooongo.html]
[mwcash.ph/_/mwcash-pragmaticplay/_]
[mwcash.ph/mwcash-pragmatic-play.html]
[mwcash.ph/mwcash-pragmaticplay.html]
[mwcash.ph/_/mwcash-rich-88/_]
[mwcash.ph/mwcash-rich88.html]
[mwcash.ph/_/mwcash-king-maker/_]
[mwcash.ph/mwcash-rich-88.html]
[mwcash.ph/mwcash-kingmaker.html]
[mwcash.ph/mwcash-keno-games.html]
[mwcash.ph/mwcash-bingo-games.html]
[mwcash.ph/mwcash-king-maker.html]
[mwcash.ph/_/mwcash-color-game-online-in-the-philippines-your-ultimate-guide-to-vibrant-entertainment/_]
[mwcash.ph/mwcash-color-game.html]
[mwcash.ph/mwcash-mines.html]
[mwcash.ph/mwcash-video-karera.html]
[mwcash.ph/mwcash-color-game-online-in-the-philippines-your-ultimate-guide-to-vibrant-entertainment.html]
[assets.zyrosite.com/cdn-cgi/image/format=auto,w=480,h=184,fit=crop/mv0l3e6P0RhBvwL9/1_pk4mvui_mad02qvqmqrddg-AVLJBEDqk9SqzkQB.jpg]
[assets.zyrosite.com/cdn-cgi/image/format=auto,w=328,h=144,fit=crop/mv0l3e6P0RhBvwL9/1_pk4mvui_mad02qvqmqrddg-AVLJBEDqk9SqzkQB.jpg]
[mwcash.ph/superace.html]
[assets.zyrosite.com/cdn-cgi/image/format=auto,w=480,h=184,fit=crop/mv0l3e6P0RhBvwL9/images-1-Awvr1Xe52zfpL1Ky.jpg]
[assets.zyrosite.com/cdn-cgi/image/format=auto,w=328,h=144,fit=crop/mv0l3e6P0RhBvwL9/images-1-Awvr1Xe52zfpL1Ky.jpg]
[mwcash.ph/sweetbonanza-mwcash.html]
[mwcash.ph/other-games.html]
[mwcash.ph/golden-genie.html]
[mwcash.ph/egypt-bonanza.html]
[mwcash.ph/zeus-slot.html]
[mwcash.ph/night-market-2.html]
[assets.zyrosite.com/cdn-cgi/image/format=auto,w=480,h=184,fit=crop/mv0l3e6P0RhBvwL9/superelelents-m5Kvx94kM4FrExV0.png]
[assets.zyrosite.com/cdn-cgi/image/format=auto,w=224,h=184,fit=crop/mv0l3e6P0RhBvwL9/superelelents-m5Kvx94kM4FrExV0.jpg]
[mwcash.ph/super-elements.html]
[mwcash.ph/_/mwcash-sexygaming/_.html]
[mwcash.ph/_/mwcash-vivogaming/_.html]
[mwcash.ph/_/mwcash-live-casino/_.html]
[mwcash.ph/_https_/mwcash.org/_.2e8.delayed]
[mwcash.ph/mwcash-live-casino.html]
[mwcash.ph/_/mw-cash-sexy-gaming/_]
[mwcash.ph/mwcash-sexygaming.html]
[mwcash.ph/mw-cash-sexy-gaming.html]
[mwcash.ph/_/mw-cash-vivo-gaming/_.2eb.delayed]
[mwcash.ph/mwcash-vivogaming.html]
[mwcash.ph/_/mwcash-fachai/_.html]
[mwcash.ph/_/mwcashp8/_.html]
[mwcash.ph/_/mwcashjili/_.html]
[mwcash.ph/mw-cash-vivo-gaming.html]
[mwcash.ph/_/mw-cash-fa-chai/_]
[mwcash.ph/mwcash-fachai.html]
[mwcash.ph/mw-cash-fa-chai.html]
[mwcash.ph/_/mw-cash-jili/_]
[mwcash.ph/mwcashjili.html]
[mwcash.ph/mw-cash-jili.html]
[mwcash.ph/_/mw-cash-p8/_]
[mwcash.ph/mwcashp8.html]
[mwcash.ph/_/slots/_.html]
[mwcash.ph/_/mwcash-aegaming/_.html]
[mwcash.ph/_/mwcash-bingo-in-the-philippines-your-ultimate-guide-to-online-bingo-excitement/_.html]
[mwcash.ph/mw-cash-p8.html]
[mwcash.ph/_http_/MWCash.ph/__MWCash.ph_/a_,-2]
[mwcash.ph/_http_/MWCash.ph/__MWCash.ph_/a__/strong__/p__ul]
[mwcash.ph/mwcash-bingo-in-the-philippines-your-ultimate-guide-to-online-bingo-excitement.html]
[mwcash.ph/_/mw-cash-ae-gaming/_]
[mwcash.ph/mwcash-aegaming.html]
[mwcash.ph/_/mwplay/_.html]
[mwcash.ph/_/mw3838/_.html]
[mwcash.ph/_/mw3838-mwcash/_.html]
[mwcash.ph/_/mw-family/_.html]
[mwcash.ph/_https_/mwvip.com.ph/_.html]
[mwcash.ph/_/mwgaming-mwcash/_.html]
[mwcash.ph/_/mwgaming/_]
[mwcash.ph/mw-cash-ae-gaming.html]
[mwcash.ph/_/mwgaming-mw-cash/_.2f7.delayed]
[mwcash.ph/mwgaming-mwcash.html]
[mwcash.ph/mwgaming-mw-cash.html]
[mwcash.ph/_/mw3838-mw-cash/_]
[mwcash.ph/mw3838-mwcash.html]
[mwcash.ph/_https_/mwcash.ph/mwcash-march-17/_.html]
[mwcash.ph/_http_/dot.com/__Dot.com_/a_.html]
[mwcash.ph/_mailto_info@mwcash.info/__info@mwcash._/a_ph._/p__h6.html]
[mwcash.ph/_mailto_info@mwcash.info/__info@mwcash._/a_ph._/p__],_desktop__[0,{_top__[0,24],_left__[0,0],_width__[0,1224],_height__[0,1702]}],_settings__[0,{_styles__[0,{_text__[0,_left_],_align__[0,_flex-st]
[mwcash.ph/_/how-to-reset-your-password-a-simple-guide-to-regaining-access/_.html]
[mwcash.ph/_/exciting-casino-games-at-mw-cash/_.html]
[mwcash.ph/mw3838-mw-cash.html]
[mwcash.ph/_https_/mwcash.ph/__https_/mwcash.ph_/a_._/p__p]
[mwcash.ph/_/demystifying-valid-turnover-a-key-to-maximizing-your-gaming-rewards/_]
[assets.zyrosite.com/cdn-cgi/image/format=auto,w=858,h=461,fit=crop/mv0l3e6P0RhBvwL9/meta-og-mwcash-mePGeBR90wCLDjjq.jpg]
[assets.zyrosite.com/cdn-cgi/image/format=auto,w=328,h=178,fit=crop/mv0l3e6P0RhBvwL9/meta-og-mwcash-mePGeBR90wCLDjjq.jpg]
[mwcash.ph/mwcash-slot-tournament-march-2024.html]
[mwcash.ph/_https_/mwcash.ph/__MWCASH_/a__/strong___/p__ul]
[mwcash.ph/mwcbet-vip]
[mwcash.ph/_https_/mwcash.ph/__MWCASH_/a__/strong_!_/p__],_desktop__[0,{_top__[0,1],_left__[0,0],_width__[0,1224],_height__[0,998]}],_settings__[0,{_styles__[0,{_text__[0,_justify_],_align__[0,_flex-start_]]
[mwcash.ph/_https_/mwcash.ph/mwcash-casino-unveils-exciting-new-games-for-march-2024/_]
[mwcash.ph/_/mw-cash-apk/_.html]
[mwcash.ph/_http_/mwcash.ph/__mwcash.ph_/a_-2.html]
[mwcash.ph/_http_/mwcash.ph/__mwcash.ph_/a_._/p__],_desktop__[0,{_top__[0,1],_left__[0,0],_width__[0,1224],_height__[0,1627]}],_settings__[0,{_styles__[0,{_text__[0,_justify_],_align__[0,_flex-start_],_just]
[mwcash.ph/_http_/mwcash.ph/__mwcash.ph_/a_._/p__/li__li]
[mwcash.ph/mw-cash-apk.html]
[mwcash.ph/_https_/mwcash.ph/mwcash/_]
[mwcash.ph/_http_/MWCASH.ph/__MWCASH.ph_/a_-3.html]
[mwcash.ph/_http_/MWCASH.ph/__MWCASH.ph_/a___/strong__/p__ul.html]
[mwcash.ph/_http_/MWCASH.ph/__MWCASH.ph_/a_!_/p__],_desktop__[0,{_top__[0,1],_left__[0,0],_width__[0,1224],_height__[0,916]}],_settings__[0,{_styles__[0,{_text__[0,_justify_],_align__[0,_flex-start_],_justi]
[mwcash.ph/_/mwcash-dreamgaming/_.html]
[mwcash.ph/_/agent-affiliate-program/_]
[mwcash.ph/_/is-mw-cash-a-licensed-online-casino/_]
[mwcash.ph/_http_/MWCASH.ph/__MWCASH.ph_/a_,]
[mwcash.ph/_/mw-cash-dream-gaming/_]
[mwcash.ph/mwcash-dreamgaming.html]
[mwcash.ph/_/mwcash-evolution-gaming/_.html]
[mwcash.ph/mw-cash-dream-gaming.html]
[mwcash.ph/_/mw-cash-evolution-gaming/_]
[mwcash.ph/mwcash-evolution-gaming.html]
[mwcash.ph/_/mwcash-wmcasino/_.html]
[mwcash.ph/mw-cash-evolution-gaming.html]
[mwcash.ph/_/mw-cash-wm-casino/_]
[mwcash.ph/mwcash-wmcasino.html]
[mwcash.ph/_/mwcash-mpsports/_.html]
[mwcash.ph/mw-cash-wm-casino.html]
[mwcash.ph/_/mw-cash-mp-sports/_]
[mwcash.ph/mwcash-mpsports.html]
[mwcash.ph/_/mwcashjdb/_.html]
[mwcash.ph/mw-cash-mp-sports.html]
[mwcash.ph/_/mw-cash-jdb/_]
[mwcash.ph/mwcashjdb.html]
[mwcash.ph/_/mwcash-ameba/_]
[mwcash.ph/mw-cash-jdb.html]
[mwcash.ph/_/mw-cash-ameba/_.30a.delayed]
[mwcash.ph/mwcash-ameba.html]
[mwcash.ph/_/mwcash-pgsoft/_]
[mwcash.ph/mw-cash-ameba.html]
[mwcash.ph/_/mw-cash-pgsoft/_]
[mwcash.ph/mwcash-pgsoft.html]
[mwcash.ph/_/mwcashyb/_.html]
[mwcash.ph/mw-cash-pgsoft.html]
[mwcash.ph/_/mw-cash-yb/_]
[mwcash.ph/mwcashyb.html]
[mwcash.ph/_/mwcash-playngo/_.html]
[mwcash.ph/mw-cash-yb.html]
[mwcash.ph/_/mw-cash-playn-go/_]
[mwcash.ph/mwcash-playngo.html]
[mwcash.ph/_/mwcash-nolimitcity/_.html]
[mwcash.ph/mw-cash-playn-go.html]
[mwcash.ph/_/mw-cash-nolimit-city/_]
[mwcash.ph/mwcash-nolimitcity.html]
[mwcash.ph/_/mwcashbooongo/_.html]
[mwcash.ph/mw-cash-nolimit-city.html]
[mwcash.ph/_/mw-cash-booongo/_]
[mwcash.ph/mwcashbooongo.html]
[mwcash.ph/_/mwcash-pragmaticplay/_.html]
[mwcash.ph/mw-cash-booongo.html]
[mwcash.ph/_/mw-cash-pragmatic-play/_]
[mwcash.ph/mwcash-pragmaticplay.html]
[mwcash.ph/_/mwcash-rich-88/_.html]
[mwcash.ph/mw-cash-pragmatic-play.html]
[mwcash.ph/_/mw-cash-rich88/_]
[mwcash.ph/mwcash-rich-88.html]
[mwcash.ph/_/mwcash-king-maker/_.html]
[mwcash.ph/mwcash-king-maker.html]
[mwcash.ph/_/mwcash-color-game-online-in-the-philippines-your-ultimate-guide-to-vibrant-entertainment/_.html]
[mwcash.ph/mw-cash-rich88.html]
[mwcash.ph/_http_/MWCASH.ph/__MWCASH.ph_/a__/strong__/p__p]
[mwcash.ph/mwcash-color-game-online-in-the-philippines-your-ultimate-guide-to-vibrant-entertainment.html]
[mwcash.ph/_https_/mwcash.org/_.html]
[mwcash.ph/_/mw-cash-sexy-gaming/_.html]
[mwcash.ph/mw-cash-sexy-gaming.html]
[mwcash.ph/_/mw-cash-vivo-gaming/_.html]
[mwcash.ph/mw-cash-vivo-gaming.html]
[mwcash.ph/_/mw-cash-fa-chai/_.html]
[mwcash.ph/mw-cash-fa-chai.html]
[mwcash.ph/_/mw-cash-jili/_.html]
[mwcash.ph/mw-cash-jili.html]
[mwcash.ph/_/mw-cash-p8/_.html]
[mwcash.ph/mw-cash-p8.html]
[mwcash.ph/_http_/MWCash.ph/__MWCash.ph_/a_,-3.html]
[mwcash.ph/_http_/MWCash.ph/__MWCash.ph_/a__/strong__/p__ul.html]
[mwcash.ph/_/mw-cash-ae-gaming/_.html]
[mwcash.ph/mw-cash-ae-gaming.html]
[mwcash.ph/_/mwgaming/_]
[mwcash.ph/_/mwgaming-mw-cash/_.html]
[mwcash.ph/mwgaming-mw-cash.html]
[mwcash.ph/_/mw3838-mw-cash/_.html]
[mwcash.ph/mw3838-mw-cash.html]
[mwcash.ph/_https_/mwcash.ph/__https_/mwcash.ph_/a_._/p__p]
[mwcash.ph/_/demystifying-valid-turnover-a-key-to-maximizing-your-gaming-rewards/_]
[mwcash.ph/_https_/mwcash.ph/__MWCASH_/a__/strong___/p__ul.html]
[mwcash.ph/_http_/mwcash.ph/__mwcash.ph_/a_._/p__],_desktop__[0,{_top__[0,1],_left__[0,0],_width__[0,1224],_height__[0,1627]}],_settings__[0,{_styles__[0,{_text__[0,_justify_],_align__[0,_flex-start_],_just]
[mwcash.ph/_http_/mwcash.ph/__mwcash.ph_/a_._/p__/li__li.html]
[mwcash.ph/_/is-mw-cash-a-licensed-online-casino/_]
[mwcash.ph/_/agent-affiliate-program/_]
[mwcash.ph/_http_/MWCASH.ph/__MWCASH.ph_/a_,]
[mwcash.ph/_/mw-cash-dream-gaming/_.html]
[mwcash.ph/_http_/MWCASH.ph/__MWCASH.ph_/a__]
[mwcash.ph/mw-cash-dream-gaming.html]
[mwcash.ph/_/mw-cash-evolution-gaming/_.html]
[mwcash.ph/mw-cash-evolution-gaming.html]
[mwcash.ph/_/mw-cash-wm-casino/_.html]
[mwcash.ph/mw-cash-wm-casino.html]
[mwcash.ph/_/mw-cash-mp-sports/_.html]
[mwcash.ph/mw-cash-mp-sports.html]
[mwcash.ph/_/mw-cash-jdb/_.html]
[mwcash.ph/mw-cash-jdb.html]
[mwcash.ph/_/mwcash-ameba/_]
[mwcash.ph/_/mw-cash-ameba/_.html]
[mwcash.ph/mw-cash-ameba.html]
[mwcash.ph/_/mwcash-pgsoft/_]
[mwcash.ph/_/mw-cash-pgsoft/_.html]
[mwcash.ph/mw-cash-pgsoft.html]
[mwcash.ph/_/mw-cash-yb/_.html]
[mwcash.ph/mw-cash-yb.html]
[mwcash.ph/_/mw-cash-playn-go/_.html]
[mwcash.ph/mw-cash-playn-go.html]
[mwcash.ph/_/mw-cash-nolimit-city/_.html]
[mwcash.ph/mw-cash-nolimit-city.html]
[mwcash.ph/_/mw-cash-booongo/_.html]
[mwcash.ph/mw-cash-booongo.html]
[mwcash.ph/_/mw-cash-pragmatic-play/_.html]
[mwcash.ph/mw-cash-pragmatic-play.html]
[mwcash.ph/_/mw-cash-rich88/_.html]
[mwcash.ph/mw-cash-rich88.html]
[mwcash.ph/_http_/MWCASH.ph/__MWCASH.ph_/a__/strong__/p__p.html]
[mwcash.ph/_http_/MWCASH.ph/__MWCASH.ph_/a__]
[mwcash.ph/_/how-to-login/_]
